
  0%|          | 0/100 [00:00<?, ?it/s]
  1%|1         | 1/100 [00:05<08:44,  5.30s/it]
  7%|7         | 7/100 [00:05<00:54,  1.72it/s]
 15%|#5        | 15/100 [00:05<00:19,  4.46it/s]
 20%|##        | 20/100 [00:05<00:12,  6.58it/s]
 25%|##5       | 25/100 [00:05<00:08,  8.99it/s]
 29%|##9       | 29/100 [00:06<00:06, 11.13it/s]
 35%|###5      | 35/100 [00:06<00:04, 15.08it/s]
 39%|###9      | 39/100 [00:06<00:03, 16.93it/s]
 43%|####3     | 43/100 [00:06<00:02, 19.93it/s]
 47%|####6     | 47/100 [00:06<00:02, 23.12it/s]
 51%|#####1    | 51/100 [00:06<00:02, 23.10it/s]
 55%|#####5    | 55/100 [00:06<00:01, 25.43it/s]
 63%|######3   | 63/100 [00:06<00:01, 36.21it/s]
 68%|######8   | 68/100 [00:07<00:00, 34.05it/s]
 81%|########1 | 81/100 [00:07<00:00, 46.81it/s]
 88%|########8 | 88/100 [00:07<00:00, 51.68it/s]
100%|##########| 100/100 [00:08<00:00, 12.19it/s]
C:\BA\deepcoder\deepcoder_pipeline\scripts\solve-problems.py:104: FutureWarning: Starting with pandas version 3.0 all arguments of to_hdf except for the argument 'path_or_buf' will be keyword-only.
  df.to_hdf(args.outfile, 'data')
C:\BA\deepcoder\deepcoder_pipeline\scripts\solve-problems.py:104: PerformanceWarning: 
your performance may suffer as PyTables will pickle object types that it cannot
map directly to c-types [inferred_type->mixed,key->block2_values] [items->Index(['solution', 'reference', 'best_partial_solution'], dtype='object')]

  df.to_hdf(args.outfile, 'data')
summary:
solved 53/100 (53.0%)
          nb_steps     wall_ms  best_partial_match_fraction
count   100.000000  100.000000                    47.000000
mean    628.420000   87.756610                     0.187234
std     412.020181   67.295570                     0.233701
min       1.000000    0.000000                     0.000000
25%     175.500000   15.861392                     0.000000
50%     830.000000   93.950033                     0.200000
75%    1000.000000  138.347864                     0.200000
max    1002.000000  238.044977                     0.800000
of 47 unsolved tasks, 25 have a best-partial candidate (mean match fraction 0.187)
saving results to C:\BA\deepcoder\deepcoder_pipeline\output\runs\T2_gas1000_epochs10_seed3\solve_no_predictor.h5
