Epoch 1/10

 1/74 [..............................] - ETA: 13:01 - loss: 0.7130
 5/74 [=>............................] - ETA: 1s - loss: 0.5537   
 9/74 [==>...........................] - ETA: 0s - loss: 0.4607
13/74 [====>.........................] - ETA: 0s - loss: 0.4061
17/74 [=====>........................] - ETA: 0s - loss: 0.3731
21/74 [=======>......................] - ETA: 0s - loss: 0.3515
25/74 [=========>....................] - ETA: 0s - loss: 0.3344
29/74 [==========>...................] - ETA: 0s - loss: 0.3243
32/74 [===========>..................] - ETA: 0s - loss: 0.3178
35/74 [=============>................] - ETA: 0s - loss: 0.3121
38/74 [==============>...............] - ETA: 0s - loss: 0.3074
41/74 [===============>..............] - ETA: 0s - loss: 0.3050
45/74 [=================>............] - ETA: 0s - loss: 0.3010
49/74 [==================>...........] - ETA: 0s - loss: 0.2973
53/74 [====================>.........] - ETA: 0s - loss: 0.2939
56/74 [=====================>........] - ETA: 0s - loss: 0.2921
59/74 [======================>.......] - ETA: 0s - loss: 0.2901
62/74 [========================>.....] - ETA: 0s - loss: 0.2885
65/74 [=========================>....] - ETA: 0s - loss: 0.2870
68/74 [==========================>...] - ETA: 0s - loss: 0.2857
72/74 [============================>.] - ETA: 0s - loss: 0.2837
74/74 [==============================] - 12s 16ms/step - loss: 0.2836
Epoch 2/10

 1/74 [..............................] - ETA: 1s - loss: 0.2701
 5/74 [=>............................] - ETA: 1s - loss: 0.2578
 8/74 [==>...........................] - ETA: 1s - loss: 0.2535
11/74 [===>..........................] - ETA: 1s - loss: 0.2489
14/74 [====>.........................] - ETA: 1s - loss: 0.2500
17/74 [=====>........................] - ETA: 0s - loss: 0.2518
19/74 [======>.......................] - ETA: 1s - loss: 0.2518
22/74 [=======>......................] - ETA: 1s - loss: 0.2522
26/74 [=========>....................] - ETA: 0s - loss: 0.2532
29/74 [==========>...................] - ETA: 0s - loss: 0.2545
32/74 [===========>..................] - ETA: 0s - loss: 0.2537
35/74 [=============>................] - ETA: 0s - loss: 0.2537
38/74 [==============>...............] - ETA: 0s - loss: 0.2539
41/74 [===============>..............] - ETA: 0s - loss: 0.2542
44/74 [================>.............] - ETA: 0s - loss: 0.2537
47/74 [==================>...........] - ETA: 0s - loss: 0.2536
50/74 [===================>..........] - ETA: 0s - loss: 0.2544
53/74 [====================>.........] - ETA: 0s - loss: 0.2545
56/74 [=====================>........] - ETA: 0s - loss: 0.2548
59/74 [======================>.......] - ETA: 0s - loss: 0.2547
62/74 [========================>.....] - ETA: 0s - loss: 0.2554
65/74 [=========================>....] - ETA: 0s - loss: 0.2558
68/74 [==========================>...] - ETA: 0s - loss: 0.2556
71/74 [===========================>..] - ETA: 0s - loss: 0.2558
74/74 [==============================] - ETA: 0s - loss: 0.2560
74/74 [==============================] - 1s 20ms/step - loss: 0.2560
Epoch 3/10

 1/74 [..............................] - ETA: 1s - loss: 0.2645
 4/74 [>.............................] - ETA: 1s - loss: 0.2550
 7/74 [=>............................] - ETA: 1s - loss: 0.2557
10/74 [===>..........................] - ETA: 1s - loss: 0.2585
13/74 [====>.........................] - ETA: 1s - loss: 0.2594
16/74 [=====>........................] - ETA: 1s - loss: 0.2575
19/74 [======>.......................] - ETA: 1s - loss: 0.2557
22/74 [=======>......................] - ETA: 1s - loss: 0.2542
24/74 [========>.....................] - ETA: 1s - loss: 0.2540
27/74 [=========>....................] - ETA: 1s - loss: 0.2539
30/74 [===========>..................] - ETA: 0s - loss: 0.2533
33/74 [============>.................] - ETA: 0s - loss: 0.2534
35/74 [=============>................] - ETA: 0s - loss: 0.2534
37/74 [==============>...............] - ETA: 0s - loss: 0.2533
39/74 [==============>...............] - ETA: 0s - loss: 0.2532
41/74 [===============>..............] - ETA: 0s - loss: 0.2541
43/74 [================>.............] - ETA: 0s - loss: 0.2539
46/74 [=================>............] - ETA: 0s - loss: 0.2545
48/74 [==================>...........] - ETA: 0s - loss: 0.2542
50/74 [===================>..........] - ETA: 0s - loss: 0.2549
53/74 [====================>.........] - ETA: 0s - loss: 0.2546
55/74 [=====================>........] - ETA: 0s - loss: 0.2547
58/74 [======================>.......] - ETA: 0s - loss: 0.2550
61/74 [=======================>......] - ETA: 0s - loss: 0.2551
64/74 [========================>.....] - ETA: 0s - loss: 0.2552
67/74 [==========================>...] - ETA: 0s - loss: 0.2553
70/74 [===========================>..] - ETA: 0s - loss: 0.2557
73/74 [============================>.] - ETA: 0s - loss: 0.2561
74/74 [==============================] - 2s 24ms/step - loss: 0.2561
Epoch 4/10

 1/74 [..............................] - ETA: 2s - loss: 0.2793
 3/74 [>.............................] - ETA: 1s - loss: 0.2777
 5/74 [=>............................] - ETA: 1s - loss: 0.2686
 7/74 [=>............................] - ETA: 1s - loss: 0.2640
 9/74 [==>...........................] - ETA: 1s - loss: 0.2631
11/74 [===>..........................] - ETA: 1s - loss: 0.2616
13/74 [====>.........................] - ETA: 1s - loss: 0.2617
15/74 [=====>........................] - ETA: 1s - loss: 0.2608
18/74 [======>.......................] - ETA: 1s - loss: 0.2586
21/74 [=======>......................] - ETA: 1s - loss: 0.2585
24/74 [========>.....................] - ETA: 1s - loss: 0.2581
27/74 [=========>....................] - ETA: 1s - loss: 0.2590
30/74 [===========>..................] - ETA: 1s - loss: 0.2589
33/74 [============>.................] - ETA: 1s - loss: 0.2589
36/74 [=============>................] - ETA: 0s - loss: 0.2587
39/74 [==============>...............] - ETA: 0s - loss: 0.2592
42/74 [================>.............] - ETA: 0s - loss: 0.2590
45/74 [=================>............] - ETA: 0s - loss: 0.2583
48/74 [==================>...........] - ETA: 0s - loss: 0.2581
51/74 [===================>..........] - ETA: 0s - loss: 0.2579
54/74 [====================>.........] - ETA: 0s - loss: 0.2573
57/74 [======================>.......] - ETA: 0s - loss: 0.2574
60/74 [=======================>......] - ETA: 0s - loss: 0.2567
63/74 [========================>.....] - ETA: 0s - loss: 0.2563
66/74 [=========================>....] - ETA: 0s - loss: 0.2568
69/74 [==========================>...] - ETA: 0s - loss: 0.2569
72/74 [============================>.] - ETA: 0s - loss: 0.2565
74/74 [==============================] - 2s 21ms/step - loss: 0.2564
Epoch 5/10

 1/74 [..............................] - ETA: 1s - loss: 0.2433
 4/74 [>.............................] - ETA: 1s - loss: 0.2580
 7/74 [=>............................] - ETA: 1s - loss: 0.2559
10/74 [===>..........................] - ETA: 1s - loss: 0.2585
13/74 [====>.........................] - ETA: 1s - loss: 0.2584
16/74 [=====>........................] - ETA: 1s - loss: 0.2573
19/74 [======>.......................] - ETA: 1s - loss: 0.2578
22/74 [=======>......................] - ETA: 1s - loss: 0.2575
25/74 [=========>....................] - ETA: 0s - loss: 0.2563
28/74 [==========>...................] - ETA: 0s - loss: 0.2557
31/74 [===========>..................] - ETA: 0s - loss: 0.2549
34/74 [============>.................] - ETA: 0s - loss: 0.2553
37/74 [==============>...............] - ETA: 0s - loss: 0.2544
40/74 [===============>..............] - ETA: 0s - loss: 0.2545
43/74 [================>.............] - ETA: 0s - loss: 0.2542
46/74 [=================>............] - ETA: 0s - loss: 0.2548
49/74 [==================>...........] - ETA: 0s - loss: 0.2562
52/74 [====================>.........] - ETA: 0s - loss: 0.2563
55/74 [=====================>........] - ETA: 0s - loss: 0.2562
58/74 [======================>.......] - ETA: 0s - loss: 0.2563
61/74 [=======================>......] - ETA: 0s - loss: 0.2562
64/74 [========================>.....] - ETA: 0s - loss: 0.2564
67/74 [==========================>...] - ETA: 0s - loss: 0.2559
70/74 [===========================>..] - ETA: 0s - loss: 0.2564
73/74 [============================>.] - ETA: 0s - loss: 0.2565
74/74 [==============================] - 1s 20ms/step - loss: 0.2565
Epoch 6/10

 1/74 [..............................] - ETA: 1s - loss: 0.2714
 4/74 [>.............................] - ETA: 1s - loss: 0.2604
 7/74 [=>............................] - ETA: 1s - loss: 0.2614
10/74 [===>..........................] - ETA: 1s - loss: 0.2633
13/74 [====>.........................] - ETA: 1s - loss: 0.2605
16/74 [=====>........................] - ETA: 1s - loss: 0.2583
19/74 [======>.......................] - ETA: 1s - loss: 0.2574
22/74 [=======>......................] - ETA: 0s - loss: 0.2566
24/74 [========>.....................] - ETA: 0s - loss: 0.2563
26/74 [=========>....................] - ETA: 1s - loss: 0.2562
29/74 [==========>...................] - ETA: 0s - loss: 0.2561
32/74 [===========>..................] - ETA: 0s - loss: 0.2566
35/74 [=============>................] - ETA: 0s - loss: 0.2565
38/74 [==============>...............] - ETA: 0s - loss: 0.2553
41/74 [===============>..............] - ETA: 0s - loss: 0.2551
44/74 [================>.............] - ETA: 0s - loss: 0.2553
47/74 [==================>...........] - ETA: 0s - loss: 0.2552
50/74 [===================>..........] - ETA: 0s - loss: 0.2552
53/74 [====================>.........] - ETA: 0s - loss: 0.2550
56/74 [=====================>........] - ETA: 0s - loss: 0.2554
59/74 [======================>.......] - ETA: 0s - loss: 0.2552
62/74 [========================>.....] - ETA: 0s - loss: 0.2551
65/74 [=========================>....] - ETA: 0s - loss: 0.2548
68/74 [==========================>...] - ETA: 0s - loss: 0.2549
71/74 [===========================>..] - ETA: 0s - loss: 0.2556
74/74 [==============================] - ETA: 0s - loss: 0.2561
74/74 [==============================] - 2s 21ms/step - loss: 0.2561
Epoch 7/10

 1/74 [..............................] - ETA: 1s - loss: 0.2780
 4/74 [>.............................] - ETA: 1s - loss: 0.2605
 8/74 [==>...........................] - ETA: 1s - loss: 0.2573
11/74 [===>..........................] - ETA: 1s - loss: 0.2591
15/74 [=====>........................] - ETA: 1s - loss: 0.2574
18/74 [======>.......................] - ETA: 0s - loss: 0.2583
22/74 [=======>......................] - ETA: 0s - loss: 0.2592
25/74 [=========>....................] - ETA: 0s - loss: 0.2597
29/74 [==========>...................] - ETA: 0s - loss: 0.2581
32/74 [===========>..................] - ETA: 0s - loss: 0.2576
35/74 [=============>................] - ETA: 0s - loss: 0.2568
39/74 [==============>...............] - ETA: 0s - loss: 0.2566
42/74 [================>.............] - ETA: 0s - loss: 0.2564
45/74 [=================>............] - ETA: 0s - loss: 0.2558
49/74 [==================>...........] - ETA: 0s - loss: 0.2564
53/74 [====================>.........] - ETA: 0s - loss: 0.2565
56/74 [=====================>........] - ETA: 0s - loss: 0.2561
59/74 [======================>.......] - ETA: 0s - loss: 0.2561
63/74 [========================>.....] - ETA: 0s - loss: 0.2564
66/74 [=========================>....] - ETA: 0s - loss: 0.2561
69/74 [==========================>...] - ETA: 0s - loss: 0.2562
72/74 [============================>.] - ETA: 0s - loss: 0.2563
74/74 [==============================] - 1s 17ms/step - loss: 0.2564
Epoch 8/10

 1/74 [..............................] - ETA: 1s - loss: 0.2572
 4/74 [>.............................] - ETA: 1s - loss: 0.2602
 7/74 [=>............................] - ETA: 1s - loss: 0.2621
10/74 [===>..........................] - ETA: 1s - loss: 0.2602
13/74 [====>.........................] - ETA: 1s - loss: 0.2559
16/74 [=====>........................] - ETA: 1s - loss: 0.2548
19/74 [======>.......................] - ETA: 0s - loss: 0.2563
22/74 [=======>......................] - ETA: 0s - loss: 0.2579
25/74 [=========>....................] - ETA: 0s - loss: 0.2581
28/74 [==========>...................] - ETA: 0s - loss: 0.2573
32/74 [===========>..................] - ETA: 0s - loss: 0.2569
35/74 [=============>................] - ETA: 0s - loss: 0.2568
38/74 [==============>...............] - ETA: 0s - loss: 0.2569
41/74 [===============>..............] - ETA: 0s - loss: 0.2571
44/74 [================>.............] - ETA: 0s - loss: 0.2569
47/74 [==================>...........] - ETA: 0s - loss: 0.2566
50/74 [===================>..........] - ETA: 0s - loss: 0.2555
54/74 [====================>.........] - ETA: 0s - loss: 0.2561
57/74 [======================>.......] - ETA: 0s - loss: 0.2560
60/74 [=======================>......] - ETA: 0s - loss: 0.2557
63/74 [========================>.....] - ETA: 0s - loss: 0.2558
66/74 [=========================>....] - ETA: 0s - loss: 0.2556
69/74 [==========================>...] - ETA: 0s - loss: 0.2554
73/74 [============================>.] - ETA: 0s - loss: 0.2551
74/74 [==============================] - 1s 18ms/step - loss: 0.2554
Epoch 9/10

 1/74 [..............................] - ETA: 0s - loss: 0.2406
 4/74 [>.............................] - ETA: 1s - loss: 0.2491
 7/74 [=>............................] - ETA: 1s - loss: 0.2512
10/74 [===>..........................] - ETA: 1s - loss: 0.2480
13/74 [====>.........................] - ETA: 1s - loss: 0.2498
17/74 [=====>........................] - ETA: 0s - loss: 0.2506
20/74 [=======>......................] - ETA: 0s - loss: 0.2516
23/74 [========>.....................] - ETA: 0s - loss: 0.2519
26/74 [=========>....................] - ETA: 0s - loss: 0.2523
30/74 [===========>..................] - ETA: 0s - loss: 0.2538
34/74 [============>.................] - ETA: 0s - loss: 0.2541
37/74 [==============>...............] - ETA: 0s - loss: 0.2533
41/74 [===============>..............] - ETA: 0s - loss: 0.2533
44/74 [================>.............] - ETA: 0s - loss: 0.2524
47/74 [==================>...........] - ETA: 0s - loss: 0.2517
50/74 [===================>..........] - ETA: 0s - loss: 0.2511
54/74 [====================>.........] - ETA: 0s - loss: 0.2508
58/74 [======================>.......] - ETA: 0s - loss: 0.2498
61/74 [=======================>......] - ETA: 0s - loss: 0.2499
65/74 [=========================>....] - ETA: 0s - loss: 0.2489
68/74 [==========================>...] - ETA: 0s - loss: 0.2482
72/74 [============================>.] - ETA: 0s - loss: 0.2486
74/74 [==============================] - 1s 17ms/step - loss: 0.2481
Epoch 10/10

 1/74 [..............................] - ETA: 1s - loss: 0.2412
 5/74 [=>............................] - ETA: 1s - loss: 0.2380
 8/74 [==>...........................] - ETA: 1s - loss: 0.2408
12/74 [===>..........................] - ETA: 1s - loss: 0.2409
15/74 [=====>........................] - ETA: 1s - loss: 0.2407
19/74 [======>.......................] - ETA: 0s - loss: 0.2423
22/74 [=======>......................] - ETA: 0s - loss: 0.2421
25/74 [=========>....................] - ETA: 0s - loss: 0.2415
28/74 [==========>...................] - ETA: 0s - loss: 0.2413
31/74 [===========>..................] - ETA: 0s - loss: 0.2418
34/74 [============>.................] - ETA: 0s - loss: 0.2418
38/74 [==============>...............] - ETA: 0s - loss: 0.2409
41/74 [===============>..............] - ETA: 0s - loss: 0.2409
44/74 [================>.............] - ETA: 0s - loss: 0.2408
47/74 [==================>...........] - ETA: 0s - loss: 0.2408
50/74 [===================>..........] - ETA: 0s - loss: 0.2408
53/74 [====================>.........] - ETA: 0s - loss: 0.2403
56/74 [=====================>........] - ETA: 0s - loss: 0.2406
60/74 [=======================>......] - ETA: 0s - loss: 0.2402
63/74 [========================>.....] - ETA: 0s - loss: 0.2400
67/74 [==========================>...] - ETA: 0s - loss: 0.2395
70/74 [===========================>..] - ETA: 0s - loss: 0.2390
74/74 [==============================] - ETA: 0s - loss: 0.2391
74/74 [==============================] - 1s 17ms/step - loss: 0.2391
saving model to  C:\BA\deepcoder\deepcoder_pipeline\output\runs\T2_gas1000_epochs10_seed3\model.h5
