
1/4 [======>.......................] - ETA: 7s
4/4 [==============================] - 3s 5ms/step

  0%|          | 0/100 [00:00<?, ?it/s]
  1%|1         | 1/100 [00:05<08:45,  5.31s/it]
  5%|5         | 5/100 [00:05<01:17,  1.23it/s]
  8%|8         | 8/100 [00:05<00:41,  2.24it/s]
 15%|#5        | 15/100 [00:05<00:15,  5.50it/s]
 19%|#9        | 19/100 [00:05<00:10,  7.46it/s]
 23%|##3       | 23/100 [00:05<00:07,  9.85it/s]
 32%|###2      | 32/100 [00:06<00:03, 17.49it/s]
 37%|###7      | 37/100 [00:06<00:03, 18.47it/s]
 47%|####6     | 47/100 [00:06<00:01, 28.86it/s]
 53%|#####3    | 53/100 [00:06<00:01, 30.98it/s]
 60%|######    | 60/100 [00:06<00:01, 36.98it/s]
 77%|#######7  | 77/100 [00:06<00:00, 59.65it/s]
 85%|########5 | 85/100 [00:07<00:00, 45.45it/s]
100%|##########| 100/100 [00:07<00:00, 12.69it/s]
C:\BA\deepcoder\deepcoder_pipeline\scripts\solve-problems.py:104: FutureWarning: Starting with pandas version 3.0 all arguments of to_hdf except for the argument 'path_or_buf' will be keyword-only.
  df.to_hdf(args.outfile, 'data')
C:\BA\deepcoder\deepcoder_pipeline\scripts\solve-problems.py:104: PerformanceWarning: 
your performance may suffer as PyTables will pickle object types that it cannot
map directly to c-types [inferred_type->mixed,key->block2_values] [items->Index(['solution', 'reference', 'best_partial_solution'], dtype='object')]

  df.to_hdf(args.outfile, 'data')
summary:
solved 67/100 (67.0%)
          nb_steps     wall_ms  best_partial_match_fraction
count   100.000000  100.000000                    33.000000
mean    482.350000   73.876431                     0.193939
std     418.237798   68.036693                     0.231759
min       1.000000    0.000000                     0.000000
25%      60.500000    7.927656                     0.000000
50%     403.000000   55.240870                     0.200000
75%    1000.000000  133.659303                     0.200000
max    1002.000000  237.818480                     0.800000
of 33 unsolved tasks, 19 have a best-partial candidate (mean match fraction 0.194)
saving results to C:\BA\deepcoder\deepcoder_pipeline\output\runs\T2_gas1000_epochs10_seed3\solve_with_predictor.h5
