Saved 100 rows to C:\BA\deepcoder\deepcoder_pipeline\output\runs\T2_gas1000_epochs10_seed0\metrics_with_predictor.csv

Summary:
       exact_match  ...  best_effort_partial_correctness
count   100.000000  ...                       100.000000
mean      0.200000  ...                         0.517750
std       0.402015  ...                         0.302046
min       0.000000  ...                         0.000000
25%       0.000000  ...                         0.333333
50%       0.000000  ...                         0.500000
75%       0.000000  ...                         0.666667
max       1.000000  ...                         1.000000

[8 rows x 7 columns]

Solved count:
solved
True     66
False    34
Name: count, dtype: int64

Unsolved tasks: 34
  with a best-partial candidate: 22
  mean partial_correctness (old, always 0): 0.0000
  mean best_effort_partial_correctness (new): 0.2904
