Epoch 1/10

 1/74 [..............................] - ETA: 12:47 - loss: 0.7655
 5/74 [=>............................] - ETA: 1s - loss: 0.5943   
 9/74 [==>...........................] - ETA: 0s - loss: 0.4913
13/74 [====>.........................] - ETA: 0s - loss: 0.4289
17/74 [=====>........................] - ETA: 0s - loss: 0.3895
21/74 [=======>......................] - ETA: 0s - loss: 0.3652
25/74 [=========>....................] - ETA: 0s - loss: 0.3467
29/74 [==========>...................] - ETA: 0s - loss: 0.3344
33/74 [============>.................] - ETA: 0s - loss: 0.3258
37/74 [==============>...............] - ETA: 0s - loss: 0.3195
41/74 [===============>..............] - ETA: 0s - loss: 0.3142
45/74 [=================>............] - ETA: 0s - loss: 0.3087
49/74 [==================>...........] - ETA: 0s - loss: 0.3052
53/74 [====================>.........] - ETA: 0s - loss: 0.3014
57/74 [======================>.......] - ETA: 0s - loss: 0.2978
61/74 [=======================>......] - ETA: 0s - loss: 0.2943
65/74 [=========================>....] - ETA: 0s - loss: 0.2929
69/74 [==========================>...] - ETA: 0s - loss: 0.2913
72/74 [============================>.] - ETA: 0s - loss: 0.2898
74/74 [==============================] - 12s 15ms/step - loss: 0.2886
Epoch 2/10

 1/74 [..............................] - ETA: 1s - loss: 0.2489
 4/74 [>.............................] - ETA: 1s - loss: 0.2579
 8/74 [==>...........................] - ETA: 1s - loss: 0.2585
11/74 [===>..........................] - ETA: 1s - loss: 0.2592
15/74 [=====>........................] - ETA: 0s - loss: 0.2634
18/74 [======>.......................] - ETA: 0s - loss: 0.2625
21/74 [=======>......................] - ETA: 0s - loss: 0.2600
25/74 [=========>....................] - ETA: 0s - loss: 0.2585
28/74 [==========>...................] - ETA: 0s - loss: 0.2582
32/74 [===========>..................] - ETA: 0s - loss: 0.2568
35/74 [=============>................] - ETA: 0s - loss: 0.2559
38/74 [==============>...............] - ETA: 0s - loss: 0.2565
41/74 [===============>..............] - ETA: 0s - loss: 0.2561
44/74 [================>.............] - ETA: 0s - loss: 0.2555
48/74 [==================>...........] - ETA: 0s - loss: 0.2559
51/74 [===================>..........] - ETA: 0s - loss: 0.2559
54/74 [====================>.........] - ETA: 0s - loss: 0.2562
58/74 [======================>.......] - ETA: 0s - loss: 0.2559
61/74 [=======================>......] - ETA: 0s - loss: 0.2559
64/74 [========================>.....] - ETA: 0s - loss: 0.2556
67/74 [==========================>...] - ETA: 0s - loss: 0.2556
70/74 [===========================>..] - ETA: 0s - loss: 0.2557
73/74 [============================>.] - ETA: 0s - loss: 0.2564
74/74 [==============================] - 1s 17ms/step - loss: 0.2562
Epoch 3/10

 1/74 [..............................] - ETA: 1s - loss: 0.2381
 4/74 [>.............................] - ETA: 1s - loss: 0.2562
 8/74 [==>...........................] - ETA: 1s - loss: 0.2551
12/74 [===>..........................] - ETA: 1s - loss: 0.2580
15/74 [=====>........................] - ETA: 1s - loss: 0.2574
18/74 [======>.......................] - ETA: 0s - loss: 0.2563
21/74 [=======>......................] - ETA: 0s - loss: 0.2544
24/74 [========>.....................] - ETA: 0s - loss: 0.2536
27/74 [=========>....................] - ETA: 0s - loss: 0.2546
30/74 [===========>..................] - ETA: 0s - loss: 0.2549
33/74 [============>.................] - ETA: 0s - loss: 0.2543
36/74 [=============>................] - ETA: 0s - loss: 0.2530
39/74 [==============>...............] - ETA: 0s - loss: 0.2538
42/74 [================>.............] - ETA: 0s - loss: 0.2537
45/74 [=================>............] - ETA: 0s - loss: 0.2545
48/74 [==================>...........] - ETA: 0s - loss: 0.2546
51/74 [===================>..........] - ETA: 0s - loss: 0.2554
54/74 [====================>.........] - ETA: 0s - loss: 0.2555
57/74 [======================>.......] - ETA: 0s - loss: 0.2557
60/74 [=======================>......] - ETA: 0s - loss: 0.2554
63/74 [========================>.....] - ETA: 0s - loss: 0.2557
66/74 [=========================>....] - ETA: 0s - loss: 0.2559
69/74 [==========================>...] - ETA: 0s - loss: 0.2563
73/74 [============================>.] - ETA: 0s - loss: 0.2559
74/74 [==============================] - 1s 18ms/step - loss: 0.2560
Epoch 4/10

 1/74 [..............................] - ETA: 1s - loss: 0.2630
 4/74 [>.............................] - ETA: 1s - loss: 0.2632
 7/74 [=>............................] - ETA: 1s - loss: 0.2592
10/74 [===>..........................] - ETA: 1s - loss: 0.2583
13/74 [====>.........................] - ETA: 1s - loss: 0.2587
16/74 [=====>........................] - ETA: 1s - loss: 0.2562
20/74 [=======>......................] - ETA: 0s - loss: 0.2553
23/74 [========>.....................] - ETA: 0s - loss: 0.2569
26/74 [=========>....................] - ETA: 0s - loss: 0.2556
29/74 [==========>...................] - ETA: 0s - loss: 0.2558
32/74 [===========>..................] - ETA: 0s - loss: 0.2558
35/74 [=============>................] - ETA: 0s - loss: 0.2554
39/74 [==============>...............] - ETA: 0s - loss: 0.2556
42/74 [================>.............] - ETA: 0s - loss: 0.2556
45/74 [=================>............] - ETA: 0s - loss: 0.2558
48/74 [==================>...........] - ETA: 0s - loss: 0.2555
51/74 [===================>..........] - ETA: 0s - loss: 0.2557
54/74 [====================>.........] - ETA: 0s - loss: 0.2557
57/74 [======================>.......] - ETA: 0s - loss: 0.2557
61/74 [=======================>......] - ETA: 0s - loss: 0.2557
64/74 [========================>.....] - ETA: 0s - loss: 0.2563
67/74 [==========================>...] - ETA: 0s - loss: 0.2563
70/74 [===========================>..] - ETA: 0s - loss: 0.2561
73/74 [============================>.] - ETA: 0s - loss: 0.2564
74/74 [==============================] - 1s 18ms/step - loss: 0.2562
Epoch 5/10

 1/74 [..............................] - ETA: 1s - loss: 0.2559
 4/74 [>.............................] - ETA: 1s - loss: 0.2495
 7/74 [=>............................] - ETA: 1s - loss: 0.2513
10/74 [===>..........................] - ETA: 1s - loss: 0.2526
13/74 [====>.........................] - ETA: 1s - loss: 0.2515
16/74 [=====>........................] - ETA: 1s - loss: 0.2500
19/74 [======>.......................] - ETA: 1s - loss: 0.2498
22/74 [=======>......................] - ETA: 0s - loss: 0.2499
25/74 [=========>....................] - ETA: 0s - loss: 0.2511
28/74 [==========>...................] - ETA: 0s - loss: 0.2521
31/74 [===========>..................] - ETA: 0s - loss: 0.2525
34/74 [============>.................] - ETA: 0s - loss: 0.2532
37/74 [==============>...............] - ETA: 0s - loss: 0.2537
40/74 [===============>..............] - ETA: 0s - loss: 0.2536
43/74 [================>.............] - ETA: 0s - loss: 0.2543
46/74 [=================>............] - ETA: 0s - loss: 0.2541
50/74 [===================>..........] - ETA: 0s - loss: 0.2543
53/74 [====================>.........] - ETA: 0s - loss: 0.2546
57/74 [======================>.......] - ETA: 0s - loss: 0.2551
60/74 [=======================>......] - ETA: 0s - loss: 0.2556
63/74 [========================>.....] - ETA: 0s - loss: 0.2551
66/74 [=========================>....] - ETA: 0s - loss: 0.2556
69/74 [==========================>...] - ETA: 0s - loss: 0.2560
72/74 [============================>.] - ETA: 0s - loss: 0.2561
74/74 [==============================] - 1s 18ms/step - loss: 0.2561
Epoch 6/10

 1/74 [..............................] - ETA: 1s - loss: 0.2616
 4/74 [>.............................] - ETA: 1s - loss: 0.2527
 7/74 [=>............................] - ETA: 1s - loss: 0.2494
10/74 [===>..........................] - ETA: 1s - loss: 0.2499
13/74 [====>.........................] - ETA: 1s - loss: 0.2506
17/74 [=====>........................] - ETA: 0s - loss: 0.2507
20/74 [=======>......................] - ETA: 0s - loss: 0.2533
23/74 [========>.....................] - ETA: 0s - loss: 0.2522
26/74 [=========>....................] - ETA: 0s - loss: 0.2538
29/74 [==========>...................] - ETA: 0s - loss: 0.2528
32/74 [===========>..................] - ETA: 0s - loss: 0.2535
35/74 [=============>................] - ETA: 0s - loss: 0.2543
38/74 [==============>...............] - ETA: 0s - loss: 0.2547
41/74 [===============>..............] - ETA: 0s - loss: 0.2541
45/74 [=================>............] - ETA: 0s - loss: 0.2543
49/74 [==================>...........] - ETA: 0s - loss: 0.2546
52/74 [====================>.........] - ETA: 0s - loss: 0.2544
55/74 [=====================>........] - ETA: 0s - loss: 0.2553
58/74 [======================>.......] - ETA: 0s - loss: 0.2560
61/74 [=======================>......] - ETA: 0s - loss: 0.2557
64/74 [========================>.....] - ETA: 0s - loss: 0.2562
67/74 [==========================>...] - ETA: 0s - loss: 0.2566
70/74 [===========================>..] - ETA: 0s - loss: 0.2565
74/74 [==============================] - ETA: 0s - loss: 0.2564
74/74 [==============================] - 1s 17ms/step - loss: 0.2564
Epoch 7/10

 1/74 [..............................] - ETA: 1s - loss: 0.2674
 4/74 [>.............................] - ETA: 1s - loss: 0.2596
 8/74 [==>...........................] - ETA: 1s - loss: 0.2571
11/74 [===>..........................] - ETA: 1s - loss: 0.2529
14/74 [====>.........................] - ETA: 1s - loss: 0.2515
18/74 [======>.......................] - ETA: 0s - loss: 0.2531
21/74 [=======>......................] - ETA: 0s - loss: 0.2524
24/74 [========>.....................] - ETA: 0s - loss: 0.2535
28/74 [==========>...................] - ETA: 0s - loss: 0.2537
31/74 [===========>..................] - ETA: 0s - loss: 0.2529
34/74 [============>.................] - ETA: 0s - loss: 0.2532
37/74 [==============>...............] - ETA: 0s - loss: 0.2549
40/74 [===============>..............] - ETA: 0s - loss: 0.2553
43/74 [================>.............] - ETA: 0s - loss: 0.2560
47/74 [==================>...........] - ETA: 0s - loss: 0.2556
50/74 [===================>..........] - ETA: 0s - loss: 0.2554
53/74 [====================>.........] - ETA: 0s - loss: 0.2557
57/74 [======================>.......] - ETA: 0s - loss: 0.2555
61/74 [=======================>......] - ETA: 0s - loss: 0.2557
64/74 [========================>.....] - ETA: 0s - loss: 0.2556
67/74 [==========================>...] - ETA: 0s - loss: 0.2556
71/74 [===========================>..] - ETA: 0s - loss: 0.2560
74/74 [==============================] - ETA: 0s - loss: 0.2560
74/74 [==============================] - 1s 17ms/step - loss: 0.2560
Epoch 8/10

 1/74 [..............................] - ETA: 1s - loss: 0.2439
 3/74 [>.............................] - ETA: 1s - loss: 0.2416
 5/74 [=>............................] - ETA: 1s - loss: 0.2473
 7/74 [=>............................] - ETA: 1s - loss: 0.2488
10/74 [===>..........................] - ETA: 1s - loss: 0.2493
13/74 [====>.........................] - ETA: 1s - loss: 0.2511
16/74 [=====>........................] - ETA: 1s - loss: 0.2536
19/74 [======>.......................] - ETA: 1s - loss: 0.2532
22/74 [=======>......................] - ETA: 1s - loss: 0.2546
25/74 [=========>....................] - ETA: 1s - loss: 0.2559
28/74 [==========>...................] - ETA: 0s - loss: 0.2550
31/74 [===========>..................] - ETA: 0s - loss: 0.2550
34/74 [============>.................] - ETA: 0s - loss: 0.2544
38/74 [==============>...............] - ETA: 0s - loss: 0.2555
41/74 [===============>..............] - ETA: 0s - loss: 0.2549
44/74 [================>.............] - ETA: 0s - loss: 0.2544
47/74 [==================>...........] - ETA: 0s - loss: 0.2545
50/74 [===================>..........] - ETA: 0s - loss: 0.2537
54/74 [====================>.........] - ETA: 0s - loss: 0.2531
58/74 [======================>.......] - ETA: 0s - loss: 0.2530
61/74 [=======================>......] - ETA: 0s - loss: 0.2528
65/74 [=========================>....] - ETA: 0s - loss: 0.2521
68/74 [==========================>...] - ETA: 0s - loss: 0.2527
71/74 [===========================>..] - ETA: 0s - loss: 0.2528
74/74 [==============================] - ETA: 0s - loss: 0.2529
74/74 [==============================] - 1s 19ms/step - loss: 0.2529
Epoch 9/10

 1/74 [..............................] - ETA: 1s - loss: 0.2571
 5/74 [=>............................] - ETA: 1s - loss: 0.2590
 8/74 [==>...........................] - ETA: 1s - loss: 0.2547
11/74 [===>..........................] - ETA: 1s - loss: 0.2539
15/74 [=====>........................] - ETA: 1s - loss: 0.2519
18/74 [======>.......................] - ETA: 0s - loss: 0.2489
21/74 [=======>......................] - ETA: 0s - loss: 0.2496
24/74 [========>.....................] - ETA: 0s - loss: 0.2493
27/74 [=========>....................] - ETA: 0s - loss: 0.2469
30/74 [===========>..................] - ETA: 0s - loss: 0.2472
33/74 [============>.................] - ETA: 0s - loss: 0.2463
36/74 [=============>................] - ETA: 0s - loss: 0.2456
39/74 [==============>...............] - ETA: 0s - loss: 0.2450
42/74 [================>.............] - ETA: 0s - loss: 0.2442
45/74 [=================>............] - ETA: 0s - loss: 0.2438
49/74 [==================>...........] - ETA: 0s - loss: 0.2434
52/74 [====================>.........] - ETA: 0s - loss: 0.2430
55/74 [=====================>........] - ETA: 0s - loss: 0.2431
58/74 [======================>.......] - ETA: 0s - loss: 0.2432
61/74 [=======================>......] - ETA: 0s - loss: 0.2429
64/74 [========================>.....] - ETA: 0s - loss: 0.2431
67/74 [==========================>...] - ETA: 0s - loss: 0.2428
70/74 [===========================>..] - ETA: 0s - loss: 0.2423
73/74 [============================>.] - ETA: 0s - loss: 0.2424
74/74 [==============================] - 1s 17ms/step - loss: 0.2422
Epoch 10/10

 1/74 [..............................] - ETA: 1s - loss: 0.2159
 5/74 [=>............................] - ETA: 1s - loss: 0.2364
 8/74 [==>...........................] - ETA: 1s - loss: 0.2401
11/74 [===>..........................] - ETA: 1s - loss: 0.2365
14/74 [====>.........................] - ETA: 1s - loss: 0.2362
18/74 [======>.......................] - ETA: 0s - loss: 0.2367
21/74 [=======>......................] - ETA: 0s - loss: 0.2364
25/74 [=========>....................] - ETA: 0s - loss: 0.2369
28/74 [==========>...................] - ETA: 0s - loss: 0.2354
31/74 [===========>..................] - ETA: 0s - loss: 0.2335
34/74 [============>.................] - ETA: 0s - loss: 0.2346
37/74 [==============>...............] - ETA: 0s - loss: 0.2346
40/74 [===============>..............] - ETA: 0s - loss: 0.2348
44/74 [================>.............] - ETA: 0s - loss: 0.2339
47/74 [==================>...........] - ETA: 0s - loss: 0.2338
50/74 [===================>..........] - ETA: 0s - loss: 0.2341
54/74 [====================>.........] - ETA: 0s - loss: 0.2336
57/74 [======================>.......] - ETA: 0s - loss: 0.2335
60/74 [=======================>......] - ETA: 0s - loss: 0.2339
64/74 [========================>.....] - ETA: 0s - loss: 0.2340
67/74 [==========================>...] - ETA: 0s - loss: 0.2340
70/74 [===========================>..] - ETA: 0s - loss: 0.2342
73/74 [============================>.] - ETA: 0s - loss: 0.2343
74/74 [==============================] - 1s 17ms/step - loss: 0.2340
saving model to  C:\BA\deepcoder\deepcoder_pipeline\output\runs\T2_gas1000_epochs10_seed0\model.h5
