
  0%|          | 0/100 [00:00<?, ?it/s]
  1%|1         | 1/100 [00:04<07:33,  4.58s/it]
  7%|7         | 7/100 [00:04<00:45,  2.03it/s]
 15%|#5        | 15/100 [00:04<00:16,  5.24it/s]
 21%|##1       | 21/100 [00:04<00:09,  8.27it/s]
 27%|##7       | 27/100 [00:05<00:06, 11.36it/s]
 32%|###2      | 32/100 [00:05<00:05, 13.41it/s]
 36%|###6      | 36/100 [00:05<00:03, 16.16it/s]
 41%|####1     | 41/100 [00:05<00:02, 19.92it/s]
 45%|####5     | 45/100 [00:05<00:02, 22.05it/s]
 49%|####9     | 49/100 [00:05<00:02, 24.74it/s]
 53%|#####3    | 53/100 [00:05<00:01, 26.40it/s]
 63%|######3   | 63/100 [00:05<00:00, 41.04it/s]
 74%|#######4  | 74/100 [00:06<00:00, 53.82it/s]
 81%|########1 | 81/100 [00:06<00:00, 50.93it/s]
 87%|########7 | 87/100 [00:06<00:00, 43.83it/s]
100%|##########| 100/100 [00:07<00:00, 13.80it/s]
C:\BA\deepcoder\deepcoder_pipeline\scripts\solve-problems.py:104: FutureWarning: Starting with pandas version 3.0 all arguments of to_hdf except for the argument 'path_or_buf' will be keyword-only.
  df.to_hdf(args.outfile, 'data')
C:\BA\deepcoder\deepcoder_pipeline\scripts\solve-problems.py:104: PerformanceWarning: 
your performance may suffer as PyTables will pickle object types that it cannot
map directly to c-types [inferred_type->mixed,key->block2_values] [items->Index(['solution', 'reference', 'best_partial_solution'], dtype='object')]

  df.to_hdf(args.outfile, 'data')
summary:
solved 53/100 (53.0%)
          nb_steps     wall_ms  best_partial_match_fraction
count   100.000000  100.000000                    47.000000
mean    628.420000   79.433634                     0.187234
std     412.020181   58.052229                     0.233701
min       1.000000    0.000000                     0.000000
25%     175.500000   15.212953                     0.000000
50%     830.000000   89.226246                     0.200000
75%    1000.000000  123.964071                     0.200000
max    1002.000000  190.815210                     0.800000
of 47 unsolved tasks, 25 have a best-partial candidate (mean match fraction 0.187)
saving results to C:\BA\deepcoder\deepcoder_pipeline\output\runs\T2_gas1000_epochs10_seed0\solve_no_predictor.h5
