
1/4 [======>.......................] - ETA: 7s
4/4 [==============================] - 3s 10ms/step

  0%|          | 0/100 [00:00<?, ?it/s]
  1%|1         | 1/100 [00:05<08:59,  5.45s/it]
  8%|8         | 8/100 [00:05<00:47,  1.93it/s]
 16%|#6        | 16/100 [00:05<00:18,  4.60it/s]
 21%|##1       | 21/100 [00:05<00:11,  6.67it/s]
 26%|##6       | 26/100 [00:05<00:07,  9.35it/s]
 31%|###1      | 31/100 [00:06<00:05, 11.94it/s]
 36%|###6      | 36/100 [00:06<00:04, 14.99it/s]
 40%|####      | 40/100 [00:06<00:03, 17.62it/s]
 47%|####6     | 47/100 [00:06<00:02, 24.81it/s]
 60%|######    | 60/100 [00:06<00:00, 41.65it/s]
 67%|######7   | 67/100 [00:06<00:00, 42.73it/s]
 79%|#######9  | 79/100 [00:06<00:00, 54.59it/s]
 86%|########6 | 86/100 [00:07<00:00, 45.16it/s]
100%|##########| 100/100 [00:07<00:00, 12.61it/s]
C:\BA\deepcoder\deepcoder_pipeline\scripts\solve-problems.py:104: FutureWarning: Starting with pandas version 3.0 all arguments of to_hdf except for the argument 'path_or_buf' will be keyword-only.
  df.to_hdf(args.outfile, 'data')
C:\BA\deepcoder\deepcoder_pipeline\scripts\solve-problems.py:104: PerformanceWarning: 
your performance may suffer as PyTables will pickle object types that it cannot
map directly to c-types [inferred_type->mixed,key->block2_values] [items->Index(['solution', 'reference', 'best_partial_solution'], dtype='object')]

  df.to_hdf(args.outfile, 'data')
summary:
solved 66/100 (66.0%)
          nb_steps     wall_ms  best_partial_match_fraction
count   100.000000  100.000000                    34.000000
mean    481.420000   71.875122                     0.217647
std     420.006257   67.178159                     0.247987
min       1.000000    0.000000                     0.000000
25%      75.250000   12.719035                     0.000000
50%     368.000000   52.571535                     0.200000
75%    1000.000000  136.567116                     0.200000
max    1006.000000  251.248360                     0.800000
of 34 unsolved tasks, 21 have a best-partial candidate (mean match fraction 0.218)
saving results to C:\BA\deepcoder\deepcoder_pipeline\output\runs\T2_gas1000_epochs10_seed4\solve_with_predictor.h5
