Epoch 1/10

 1/74 [..............................] - ETA: 13:19 - loss: 0.7359
 5/74 [=>............................] - ETA: 0s - loss: 0.5779   
 9/74 [==>...........................] - ETA: 0s - loss: 0.4753
13/74 [====>.........................] - ETA: 0s - loss: 0.4174
17/74 [=====>........................] - ETA: 0s - loss: 0.3811
21/74 [=======>......................] - ETA: 0s - loss: 0.3586
24/74 [========>.....................] - ETA: 0s - loss: 0.3445
28/74 [==========>...................] - ETA: 0s - loss: 0.3304
31/74 [===========>..................] - ETA: 0s - loss: 0.3223
35/74 [=============>................] - ETA: 0s - loss: 0.3161
38/74 [==============>...............] - ETA: 0s - loss: 0.3106
41/74 [===============>..............] - ETA: 0s - loss: 0.3073
45/74 [=================>............] - ETA: 0s - loss: 0.3032
49/74 [==================>...........] - ETA: 0s - loss: 0.2997
52/74 [====================>.........] - ETA: 0s - loss: 0.2976
56/74 [=====================>........] - ETA: 0s - loss: 0.2946
59/74 [======================>.......] - ETA: 0s - loss: 0.2931
62/74 [========================>.....] - ETA: 0s - loss: 0.2910
65/74 [=========================>....] - ETA: 0s - loss: 0.2892
68/74 [==========================>...] - ETA: 0s - loss: 0.2881
71/74 [===========================>..] - ETA: 0s - loss: 0.2867
74/74 [==============================] - ETA: 0s - loss: 0.2857
74/74 [==============================] - 12s 17ms/step - loss: 0.2857
Epoch 2/10

 1/74 [..............................] - ETA: 1s - loss: 0.2624
 4/74 [>.............................] - ETA: 1s - loss: 0.2554
 7/74 [=>............................] - ETA: 1s - loss: 0.2526
10/74 [===>..........................] - ETA: 1s - loss: 0.2549
13/74 [====>.........................] - ETA: 1s - loss: 0.2565
16/74 [=====>........................] - ETA: 1s - loss: 0.2544
19/74 [======>.......................] - ETA: 0s - loss: 0.2544
22/74 [=======>......................] - ETA: 0s - loss: 0.2546
25/74 [=========>....................] - ETA: 0s - loss: 0.2558
28/74 [==========>...................] - ETA: 0s - loss: 0.2569
31/74 [===========>..................] - ETA: 0s - loss: 0.2575
34/74 [============>.................] - ETA: 0s - loss: 0.2580
37/74 [==============>...............] - ETA: 0s - loss: 0.2580
41/74 [===============>..............] - ETA: 0s - loss: 0.2581
45/74 [=================>............] - ETA: 0s - loss: 0.2576
49/74 [==================>...........] - ETA: 0s - loss: 0.2567
53/74 [====================>.........] - ETA: 0s - loss: 0.2562
56/74 [=====================>........] - ETA: 0s - loss: 0.2570
60/74 [=======================>......] - ETA: 0s - loss: 0.2575
63/74 [========================>.....] - ETA: 0s - loss: 0.2572
66/74 [=========================>....] - ETA: 0s - loss: 0.2566
69/74 [==========================>...] - ETA: 0s - loss: 0.2566
72/74 [============================>.] - ETA: 0s - loss: 0.2564
74/74 [==============================] - 1s 17ms/step - loss: 0.2564
Epoch 3/10

 1/74 [..............................] - ETA: 1s - loss: 0.2578
 5/74 [=>............................] - ETA: 1s - loss: 0.2569
 8/74 [==>...........................] - ETA: 1s - loss: 0.2546
12/74 [===>..........................] - ETA: 1s - loss: 0.2581
15/74 [=====>........................] - ETA: 1s - loss: 0.2592
18/74 [======>.......................] - ETA: 0s - loss: 0.2586
21/74 [=======>......................] - ETA: 0s - loss: 0.2566
24/74 [========>.....................] - ETA: 0s - loss: 0.2566
27/74 [=========>....................] - ETA: 0s - loss: 0.2552
30/74 [===========>..................] - ETA: 0s - loss: 0.2564
33/74 [============>.................] - ETA: 0s - loss: 0.2564
36/74 [=============>................] - ETA: 0s - loss: 0.2562
39/74 [==============>...............] - ETA: 0s - loss: 0.2558
42/74 [================>.............] - ETA: 0s - loss: 0.2559
45/74 [=================>............] - ETA: 0s - loss: 0.2560
48/74 [==================>...........] - ETA: 0s - loss: 0.2557
51/74 [===================>..........] - ETA: 0s - loss: 0.2564
54/74 [====================>.........] - ETA: 0s - loss: 0.2563
57/74 [======================>.......] - ETA: 0s - loss: 0.2563
60/74 [=======================>......] - ETA: 0s - loss: 0.2562
63/74 [========================>.....] - ETA: 0s - loss: 0.2562
67/74 [==========================>...] - ETA: 0s - loss: 0.2564
70/74 [===========================>..] - ETA: 0s - loss: 0.2565
73/74 [============================>.] - ETA: 0s - loss: 0.2566
74/74 [==============================] - 1s 18ms/step - loss: 0.2562
Epoch 4/10

 1/74 [..............................] - ETA: 1s - loss: 0.2388
 4/74 [>.............................] - ETA: 1s - loss: 0.2451
 7/74 [=>............................] - ETA: 1s - loss: 0.2502
10/74 [===>..........................] - ETA: 1s - loss: 0.2551
13/74 [====>.........................] - ETA: 1s - loss: 0.2548
17/74 [=====>........................] - ETA: 0s - loss: 0.2562
20/74 [=======>......................] - ETA: 0s - loss: 0.2570
23/74 [========>.....................] - ETA: 0s - loss: 0.2568
26/74 [=========>....................] - ETA: 0s - loss: 0.2568
29/74 [==========>...................] - ETA: 0s - loss: 0.2560
32/74 [===========>..................] - ETA: 0s - loss: 0.2568
35/74 [=============>................] - ETA: 0s - loss: 0.2561
38/74 [==============>...............] - ETA: 0s - loss: 0.2563
41/74 [===============>..............] - ETA: 0s - loss: 0.2568
44/74 [================>.............] - ETA: 0s - loss: 0.2569
48/74 [==================>...........] - ETA: 0s - loss: 0.2571
51/74 [===================>..........] - ETA: 0s - loss: 0.2571
54/74 [====================>.........] - ETA: 0s - loss: 0.2571
57/74 [======================>.......] - ETA: 0s - loss: 0.2571
60/74 [=======================>......] - ETA: 0s - loss: 0.2568
63/74 [========================>.....] - ETA: 0s - loss: 0.2566
66/74 [=========================>....] - ETA: 0s - loss: 0.2564
69/74 [==========================>...] - ETA: 0s - loss: 0.2558
72/74 [============================>.] - ETA: 0s - loss: 0.2561
74/74 [==============================] - 1s 18ms/step - loss: 0.2565
Epoch 5/10

 1/74 [..............................] - ETA: 1s - loss: 0.2513
 4/74 [>.............................] - ETA: 1s - loss: 0.2546
 8/74 [==>...........................] - ETA: 1s - loss: 0.2555
12/74 [===>..........................] - ETA: 1s - loss: 0.2564
15/74 [=====>........................] - ETA: 1s - loss: 0.2561
18/74 [======>.......................] - ETA: 0s - loss: 0.2582
21/74 [=======>......................] - ETA: 0s - loss: 0.2595
24/74 [========>.....................] - ETA: 0s - loss: 0.2591
27/74 [=========>....................] - ETA: 0s - loss: 0.2601
30/74 [===========>..................] - ETA: 0s - loss: 0.2601
33/74 [============>.................] - ETA: 0s - loss: 0.2594
36/74 [=============>................] - ETA: 0s - loss: 0.2583
39/74 [==============>...............] - ETA: 0s - loss: 0.2578
42/74 [================>.............] - ETA: 0s - loss: 0.2577
45/74 [=================>............] - ETA: 0s - loss: 0.2575
48/74 [==================>...........] - ETA: 0s - loss: 0.2576
51/74 [===================>..........] - ETA: 0s - loss: 0.2571
54/74 [====================>.........] - ETA: 0s - loss: 0.2572
57/74 [======================>.......] - ETA: 0s - loss: 0.2573
60/74 [=======================>......] - ETA: 0s - loss: 0.2566
63/74 [========================>.....] - ETA: 0s - loss: 0.2565
66/74 [=========================>....] - ETA: 0s - loss: 0.2562
69/74 [==========================>...] - ETA: 0s - loss: 0.2564
72/74 [============================>.] - ETA: 0s - loss: 0.2566
74/74 [==============================] - 1s 18ms/step - loss: 0.2564
Epoch 6/10

 1/74 [..............................] - ETA: 1s - loss: 0.2727
 4/74 [>.............................] - ETA: 1s - loss: 0.2592
 7/74 [=>............................] - ETA: 1s - loss: 0.2549
10/74 [===>..........................] - ETA: 1s - loss: 0.2518
13/74 [====>.........................] - ETA: 1s - loss: 0.2532
16/74 [=====>........................] - ETA: 1s - loss: 0.2546
19/74 [======>.......................] - ETA: 0s - loss: 0.2544
22/74 [=======>......................] - ETA: 0s - loss: 0.2547
25/74 [=========>....................] - ETA: 0s - loss: 0.2555
28/74 [==========>...................] - ETA: 0s - loss: 0.2544
31/74 [===========>..................] - ETA: 0s - loss: 0.2541
34/74 [============>.................] - ETA: 0s - loss: 0.2541
37/74 [==============>...............] - ETA: 0s - loss: 0.2534
41/74 [===============>..............] - ETA: 0s - loss: 0.2537
44/74 [================>.............] - ETA: 0s - loss: 0.2544
47/74 [==================>...........] - ETA: 0s - loss: 0.2549
50/74 [===================>..........] - ETA: 0s - loss: 0.2552
53/74 [====================>.........] - ETA: 0s - loss: 0.2553
56/74 [=====================>........] - ETA: 0s - loss: 0.2556
59/74 [======================>.......] - ETA: 0s - loss: 0.2555
62/74 [========================>.....] - ETA: 0s - loss: 0.2555
65/74 [=========================>....] - ETA: 0s - loss: 0.2559
68/74 [==========================>...] - ETA: 0s - loss: 0.2559
71/74 [===========================>..] - ETA: 0s - loss: 0.2554
74/74 [==============================] - ETA: 0s - loss: 0.2559
74/74 [==============================] - 1s 18ms/step - loss: 0.2559
Epoch 7/10

 1/74 [..............................] - ETA: 1s - loss: 0.2288
 4/74 [>.............................] - ETA: 1s - loss: 0.2479
 7/74 [=>............................] - ETA: 1s - loss: 0.2491
10/74 [===>..........................] - ETA: 1s - loss: 0.2499
13/74 [====>.........................] - ETA: 1s - loss: 0.2530
16/74 [=====>........................] - ETA: 1s - loss: 0.2534
19/74 [======>.......................] - ETA: 1s - loss: 0.2527
22/74 [=======>......................] - ETA: 0s - loss: 0.2531
25/74 [=========>....................] - ETA: 0s - loss: 0.2542
29/74 [==========>...................] - ETA: 0s - loss: 0.2542
32/74 [===========>..................] - ETA: 0s - loss: 0.2550
35/74 [=============>................] - ETA: 0s - loss: 0.2541
38/74 [==============>...............] - ETA: 0s - loss: 0.2548
41/74 [===============>..............] - ETA: 0s - loss: 0.2553
45/74 [=================>............] - ETA: 0s - loss: 0.2561
48/74 [==================>...........] - ETA: 0s - loss: 0.2561
51/74 [===================>..........] - ETA: 0s - loss: 0.2557
54/74 [====================>.........] - ETA: 0s - loss: 0.2556
57/74 [======================>.......] - ETA: 0s - loss: 0.2552
60/74 [=======================>......] - ETA: 0s - loss: 0.2553
63/74 [========================>.....] - ETA: 0s - loss: 0.2550
67/74 [==========================>...] - ETA: 0s - loss: 0.2549
70/74 [===========================>..] - ETA: 0s - loss: 0.2550
73/74 [============================>.] - ETA: 0s - loss: 0.2551
74/74 [==============================] - 1s 18ms/step - loss: 0.2552
Epoch 8/10

 1/74 [..............................] - ETA: 1s - loss: 0.2550
 4/74 [>.............................] - ETA: 1s - loss: 0.2607
 7/74 [=>............................] - ETA: 1s - loss: 0.2580
11/74 [===>..........................] - ETA: 1s - loss: 0.2540
14/74 [====>.........................] - ETA: 1s - loss: 0.2527
17/74 [=====>........................] - ETA: 0s - loss: 0.2526
20/74 [=======>......................] - ETA: 0s - loss: 0.2511
23/74 [========>.....................] - ETA: 0s - loss: 0.2500
26/74 [=========>....................] - ETA: 0s - loss: 0.2511
29/74 [==========>...................] - ETA: 0s - loss: 0.2510
32/74 [===========>..................] - ETA: 0s - loss: 0.2514
35/74 [=============>................] - ETA: 0s - loss: 0.2511
38/74 [==============>...............] - ETA: 0s - loss: 0.2507
42/74 [================>.............] - ETA: 0s - loss: 0.2500
45/74 [=================>............] - ETA: 0s - loss: 0.2486
48/74 [==================>...........] - ETA: 0s - loss: 0.2489
51/74 [===================>..........] - ETA: 0s - loss: 0.2490
54/74 [====================>.........] - ETA: 0s - loss: 0.2488
57/74 [======================>.......] - ETA: 0s - loss: 0.2481
60/74 [=======================>......] - ETA: 0s - loss: 0.2477
63/74 [========================>.....] - ETA: 0s - loss: 0.2471
66/74 [=========================>....] - ETA: 0s - loss: 0.2478
69/74 [==========================>...] - ETA: 0s - loss: 0.2479
72/74 [============================>.] - ETA: 0s - loss: 0.2480
74/74 [==============================] - 1s 18ms/step - loss: 0.2477
Epoch 9/10

 1/74 [..............................] - ETA: 1s - loss: 0.2580
 4/74 [>.............................] - ETA: 1s - loss: 0.2451
 7/74 [=>............................] - ETA: 1s - loss: 0.2429
10/74 [===>..........................] - ETA: 1s - loss: 0.2409
13/74 [====>.........................] - ETA: 1s - loss: 0.2418
17/74 [=====>........................] - ETA: 1s - loss: 0.2414
20/74 [=======>......................] - ETA: 0s - loss: 0.2414
23/74 [========>.....................] - ETA: 0s - loss: 0.2427
26/74 [=========>....................] - ETA: 0s - loss: 0.2404
30/74 [===========>..................] - ETA: 0s - loss: 0.2397
33/74 [============>.................] - ETA: 0s - loss: 0.2394
36/74 [=============>................] - ETA: 0s - loss: 0.2387
39/74 [==============>...............] - ETA: 0s - loss: 0.2395
42/74 [================>.............] - ETA: 0s - loss: 0.2393
45/74 [=================>............] - ETA: 0s - loss: 0.2384
49/74 [==================>...........] - ETA: 0s - loss: 0.2386
52/74 [====================>.........] - ETA: 0s - loss: 0.2380
56/74 [=====================>........] - ETA: 0s - loss: 0.2385
60/74 [=======================>......] - ETA: 0s - loss: 0.2384
63/74 [========================>.....] - ETA: 0s - loss: 0.2385
66/74 [=========================>....] - ETA: 0s - loss: 0.2392
69/74 [==========================>...] - ETA: 0s - loss: 0.2399
72/74 [============================>.] - ETA: 0s - loss: 0.2396
74/74 [==============================] - 1s 18ms/step - loss: 0.2395
Epoch 10/10

 1/74 [..............................] - ETA: 0s - loss: 0.2366
 4/74 [>.............................] - ETA: 1s - loss: 0.2295
 7/74 [=>............................] - ETA: 1s - loss: 0.2323
10/74 [===>..........................] - ETA: 1s - loss: 0.2326
13/74 [====>.........................] - ETA: 1s - loss: 0.2340
16/74 [=====>........................] - ETA: 1s - loss: 0.2349
19/74 [======>.......................] - ETA: 0s - loss: 0.2344
22/74 [=======>......................] - ETA: 0s - loss: 0.2349
25/74 [=========>....................] - ETA: 0s - loss: 0.2351
28/74 [==========>...................] - ETA: 0s - loss: 0.2365
31/74 [===========>..................] - ETA: 0s - loss: 0.2365
34/74 [============>.................] - ETA: 0s - loss: 0.2355
37/74 [==============>...............] - ETA: 0s - loss: 0.2363
41/74 [===============>..............] - ETA: 0s - loss: 0.2356
44/74 [================>.............] - ETA: 0s - loss: 0.2352
47/74 [==================>...........] - ETA: 0s - loss: 0.2355
50/74 [===================>..........] - ETA: 0s - loss: 0.2350
53/74 [====================>.........] - ETA: 0s - loss: 0.2350
56/74 [=====================>........] - ETA: 0s - loss: 0.2342
59/74 [======================>.......] - ETA: 0s - loss: 0.2347
62/74 [========================>.....] - ETA: 0s - loss: 0.2347
65/74 [=========================>....] - ETA: 0s - loss: 0.2347
68/74 [==========================>...] - ETA: 0s - loss: 0.2345
72/74 [============================>.] - ETA: 0s - loss: 0.2343
74/74 [==============================] - 1s 18ms/step - loss: 0.2347
saving model to  C:\BA\deepcoder\deepcoder_pipeline\output\runs\T2_gas1000_epochs10_seed4\model.h5
