Epoch 1/10

 1/74 [..............................] - ETA: 14:53 - loss: 0.7795
 5/74 [=>............................] - ETA: 1s - loss: 0.6023   
 9/74 [==>...........................] - ETA: 1s - loss: 0.4996
12/74 [===>..........................] - ETA: 1s - loss: 0.4475
16/74 [=====>........................] - ETA: 0s - loss: 0.4037
19/74 [======>.......................] - ETA: 0s - loss: 0.3818
22/74 [=======>......................] - ETA: 0s - loss: 0.3644
25/74 [=========>....................] - ETA: 0s - loss: 0.3522
28/74 [==========>...................] - ETA: 0s - loss: 0.3433
31/74 [===========>..................] - ETA: 0s - loss: 0.3351
34/74 [============>.................] - ETA: 0s - loss: 0.3285
37/74 [==============>...............] - ETA: 0s - loss: 0.3232
40/74 [===============>..............] - ETA: 0s - loss: 0.3198
43/74 [================>.............] - ETA: 0s - loss: 0.3154
46/74 [=================>............] - ETA: 0s - loss: 0.3109
49/74 [==================>...........] - ETA: 0s - loss: 0.3079
52/74 [====================>.........] - ETA: 0s - loss: 0.3043
55/74 [=====================>........] - ETA: 0s - loss: 0.3018
58/74 [======================>.......] - ETA: 0s - loss: 0.2995
61/74 [=======================>......] - ETA: 0s - loss: 0.2976
64/74 [========================>.....] - ETA: 0s - loss: 0.2957
67/74 [==========================>...] - ETA: 0s - loss: 0.2942
70/74 [===========================>..] - ETA: 0s - loss: 0.2924
73/74 [============================>.] - ETA: 0s - loss: 0.2905
74/74 [==============================] - 14s 19ms/step - loss: 0.2900
Epoch 2/10

 1/74 [..............................] - ETA: 1s - loss: 0.2443
 4/74 [>.............................] - ETA: 1s - loss: 0.2555
 7/74 [=>............................] - ETA: 1s - loss: 0.2566
10/74 [===>..........................] - ETA: 1s - loss: 0.2572
13/74 [====>.........................] - ETA: 1s - loss: 0.2593
16/74 [=====>........................] - ETA: 1s - loss: 0.2581
19/74 [======>.......................] - ETA: 1s - loss: 0.2581
22/74 [=======>......................] - ETA: 0s - loss: 0.2595
25/74 [=========>....................] - ETA: 0s - loss: 0.2604
28/74 [==========>...................] - ETA: 0s - loss: 0.2610
31/74 [===========>..................] - ETA: 0s - loss: 0.2594
34/74 [============>.................] - ETA: 0s - loss: 0.2589
37/74 [==============>...............] - ETA: 0s - loss: 0.2586
40/74 [===============>..............] - ETA: 0s - loss: 0.2594
43/74 [================>.............] - ETA: 0s - loss: 0.2584
46/74 [=================>............] - ETA: 0s - loss: 0.2576
49/74 [==================>...........] - ETA: 0s - loss: 0.2571
52/74 [====================>.........] - ETA: 0s - loss: 0.2568
55/74 [=====================>........] - ETA: 0s - loss: 0.2565
58/74 [======================>.......] - ETA: 0s - loss: 0.2562
61/74 [=======================>......] - ETA: 0s - loss: 0.2565
64/74 [========================>.....] - ETA: 0s - loss: 0.2567
67/74 [==========================>...] - ETA: 0s - loss: 0.2567
70/74 [===========================>..] - ETA: 0s - loss: 0.2564
73/74 [============================>.] - ETA: 0s - loss: 0.2565
74/74 [==============================] - 1s 19ms/step - loss: 0.2563
Epoch 3/10

 1/74 [..............................] - ETA: 1s - loss: 0.2334
 4/74 [>.............................] - ETA: 1s - loss: 0.2487
 7/74 [=>............................] - ETA: 1s - loss: 0.2543
10/74 [===>..........................] - ETA: 1s - loss: 0.2543
13/74 [====>.........................] - ETA: 1s - loss: 0.2564
16/74 [=====>........................] - ETA: 1s - loss: 0.2556
19/74 [======>.......................] - ETA: 1s - loss: 0.2546
22/74 [=======>......................] - ETA: 0s - loss: 0.2547
25/74 [=========>....................] - ETA: 0s - loss: 0.2553
28/74 [==========>...................] - ETA: 0s - loss: 0.2544
31/74 [===========>..................] - ETA: 0s - loss: 0.2553
34/74 [============>.................] - ETA: 0s - loss: 0.2547
37/74 [==============>...............] - ETA: 0s - loss: 0.2545
40/74 [===============>..............] - ETA: 0s - loss: 0.2551
43/74 [================>.............] - ETA: 0s - loss: 0.2553
46/74 [=================>............] - ETA: 0s - loss: 0.2565
49/74 [==================>...........] - ETA: 0s - loss: 0.2566
52/74 [====================>.........] - ETA: 0s - loss: 0.2575
55/74 [=====================>........] - ETA: 0s - loss: 0.2577
58/74 [======================>.......] - ETA: 0s - loss: 0.2574
61/74 [=======================>......] - ETA: 0s - loss: 0.2571
64/74 [========================>.....] - ETA: 0s - loss: 0.2567
67/74 [==========================>...] - ETA: 0s - loss: 0.2569
70/74 [===========================>..] - ETA: 0s - loss: 0.2566
73/74 [============================>.] - ETA: 0s - loss: 0.2565
74/74 [==============================] - 1s 19ms/step - loss: 0.2566
Epoch 4/10

 1/74 [..............................] - ETA: 1s - loss: 0.2856
 4/74 [>.............................] - ETA: 1s - loss: 0.2561
 7/74 [=>............................] - ETA: 1s - loss: 0.2550
10/74 [===>..........................] - ETA: 1s - loss: 0.2555
13/74 [====>.........................] - ETA: 1s - loss: 0.2573
16/74 [=====>........................] - ETA: 1s - loss: 0.2578
19/74 [======>.......................] - ETA: 1s - loss: 0.2575
22/74 [=======>......................] - ETA: 1s - loss: 0.2594
25/74 [=========>....................] - ETA: 0s - loss: 0.2592
28/74 [==========>...................] - ETA: 0s - loss: 0.2582
31/74 [===========>..................] - ETA: 0s - loss: 0.2573
34/74 [============>.................] - ETA: 0s - loss: 0.2569
37/74 [==============>...............] - ETA: 0s - loss: 0.2567
40/74 [===============>..............] - ETA: 0s - loss: 0.2567
43/74 [================>.............] - ETA: 0s - loss: 0.2570
46/74 [=================>............] - ETA: 0s - loss: 0.2568
49/74 [==================>...........] - ETA: 0s - loss: 0.2570
52/74 [====================>.........] - ETA: 0s - loss: 0.2569
55/74 [=====================>........] - ETA: 0s - loss: 0.2564
58/74 [======================>.......] - ETA: 0s - loss: 0.2568
61/74 [=======================>......] - ETA: 0s - loss: 0.2569
64/74 [========================>.....] - ETA: 0s - loss: 0.2570
67/74 [==========================>...] - ETA: 0s - loss: 0.2563
70/74 [===========================>..] - ETA: 0s - loss: 0.2562
73/74 [============================>.] - ETA: 0s - loss: 0.2560
74/74 [==============================] - 1s 19ms/step - loss: 0.2562
Epoch 5/10

 1/74 [..............................] - ETA: 1s - loss: 0.2627
 4/74 [>.............................] - ETA: 1s - loss: 0.2603
 7/74 [=>............................] - ETA: 1s - loss: 0.2530
10/74 [===>..........................] - ETA: 1s - loss: 0.2544
13/74 [====>.........................] - ETA: 1s - loss: 0.2543
16/74 [=====>........................] - ETA: 1s - loss: 0.2559
19/74 [======>.......................] - ETA: 1s - loss: 0.2557
22/74 [=======>......................] - ETA: 1s - loss: 0.2558
25/74 [=========>....................] - ETA: 0s - loss: 0.2553
28/74 [==========>...................] - ETA: 0s - loss: 0.2566
31/74 [===========>..................] - ETA: 0s - loss: 0.2567
34/74 [============>.................] - ETA: 0s - loss: 0.2561
37/74 [==============>...............] - ETA: 0s - loss: 0.2564
40/74 [===============>..............] - ETA: 0s - loss: 0.2557
43/74 [================>.............] - ETA: 0s - loss: 0.2557
46/74 [=================>............] - ETA: 0s - loss: 0.2557
49/74 [==================>...........] - ETA: 0s - loss: 0.2564
52/74 [====================>.........] - ETA: 0s - loss: 0.2566
55/74 [=====================>........] - ETA: 0s - loss: 0.2566
58/74 [======================>.......] - ETA: 0s - loss: 0.2567
61/74 [=======================>......] - ETA: 0s - loss: 0.2570
64/74 [========================>.....] - ETA: 0s - loss: 0.2567
67/74 [==========================>...] - ETA: 0s - loss: 0.2568
70/74 [===========================>..] - ETA: 0s - loss: 0.2568
73/74 [============================>.] - ETA: 0s - loss: 0.2561
74/74 [==============================] - 1s 20ms/step - loss: 0.2560
Epoch 6/10

 1/74 [..............................] - ETA: 1s - loss: 0.2809
 4/74 [>.............................] - ETA: 1s - loss: 0.2630
 7/74 [=>............................] - ETA: 1s - loss: 0.2578
10/74 [===>..........................] - ETA: 1s - loss: 0.2569
13/74 [====>.........................] - ETA: 1s - loss: 0.2549
16/74 [=====>........................] - ETA: 1s - loss: 0.2560
19/74 [======>.......................] - ETA: 1s - loss: 0.2555
22/74 [=======>......................] - ETA: 1s - loss: 0.2559
25/74 [=========>....................] - ETA: 0s - loss: 0.2559
28/74 [==========>...................] - ETA: 0s - loss: 0.2562
31/74 [===========>..................] - ETA: 0s - loss: 0.2565
34/74 [============>.................] - ETA: 0s - loss: 0.2559
37/74 [==============>...............] - ETA: 0s - loss: 0.2552
40/74 [===============>..............] - ETA: 0s - loss: 0.2546
43/74 [================>.............] - ETA: 0s - loss: 0.2551
46/74 [=================>............] - ETA: 0s - loss: 0.2551
49/74 [==================>...........] - ETA: 0s - loss: 0.2555
52/74 [====================>.........] - ETA: 0s - loss: 0.2556
55/74 [=====================>........] - ETA: 0s - loss: 0.2557
58/74 [======================>.......] - ETA: 0s - loss: 0.2557
61/74 [=======================>......] - ETA: 0s - loss: 0.2556
64/74 [========================>.....] - ETA: 0s - loss: 0.2557
67/74 [==========================>...] - ETA: 0s - loss: 0.2560
70/74 [===========================>..] - ETA: 0s - loss: 0.2559
73/74 [============================>.] - ETA: 0s - loss: 0.2559
74/74 [==============================] - 1s 19ms/step - loss: 0.2558
Epoch 7/10

 1/74 [..............................] - ETA: 1s - loss: 0.2436
 4/74 [>.............................] - ETA: 1s - loss: 0.2501
 7/74 [=>............................] - ETA: 1s - loss: 0.2489
10/74 [===>..........................] - ETA: 1s - loss: 0.2522
13/74 [====>.........................] - ETA: 1s - loss: 0.2502
16/74 [=====>........................] - ETA: 1s - loss: 0.2484
19/74 [======>.......................] - ETA: 1s - loss: 0.2501
22/74 [=======>......................] - ETA: 0s - loss: 0.2509
25/74 [=========>....................] - ETA: 0s - loss: 0.2509
28/74 [==========>...................] - ETA: 0s - loss: 0.2512
31/74 [===========>..................] - ETA: 0s - loss: 0.2522
34/74 [============>.................] - ETA: 0s - loss: 0.2537
37/74 [==============>...............] - ETA: 0s - loss: 0.2534
40/74 [===============>..............] - ETA: 0s - loss: 0.2534
43/74 [================>.............] - ETA: 0s - loss: 0.2533
46/74 [=================>............] - ETA: 0s - loss: 0.2533
49/74 [==================>...........] - ETA: 0s - loss: 0.2537
52/74 [====================>.........] - ETA: 0s - loss: 0.2543
55/74 [=====================>........] - ETA: 0s - loss: 0.2535
58/74 [======================>.......] - ETA: 0s - loss: 0.2527
61/74 [=======================>......] - ETA: 0s - loss: 0.2519
64/74 [========================>.....] - ETA: 0s - loss: 0.2513
67/74 [==========================>...] - ETA: 0s - loss: 0.2517
70/74 [===========================>..] - ETA: 0s - loss: 0.2522
73/74 [============================>.] - ETA: 0s - loss: 0.2526
74/74 [==============================] - 1s 19ms/step - loss: 0.2527
Epoch 8/10

 1/74 [..............................] - ETA: 1s - loss: 0.2464
 4/74 [>.............................] - ETA: 1s - loss: 0.2527
 7/74 [=>............................] - ETA: 1s - loss: 0.2469
10/74 [===>..........................] - ETA: 1s - loss: 0.2473
13/74 [====>.........................] - ETA: 1s - loss: 0.2487
16/74 [=====>........................] - ETA: 1s - loss: 0.2484
19/74 [======>.......................] - ETA: 1s - loss: 0.2489
22/74 [=======>......................] - ETA: 0s - loss: 0.2480
25/74 [=========>....................] - ETA: 0s - loss: 0.2486
28/74 [==========>...................] - ETA: 0s - loss: 0.2484
31/74 [===========>..................] - ETA: 0s - loss: 0.2489
34/74 [============>.................] - ETA: 0s - loss: 0.2480
37/74 [==============>...............] - ETA: 0s - loss: 0.2474
40/74 [===============>..............] - ETA: 0s - loss: 0.2465
43/74 [================>.............] - ETA: 0s - loss: 0.2459
46/74 [=================>............] - ETA: 0s - loss: 0.2461
49/74 [==================>...........] - ETA: 0s - loss: 0.2461
52/74 [====================>.........] - ETA: 0s - loss: 0.2464
55/74 [=====================>........] - ETA: 0s - loss: 0.2456
58/74 [======================>.......] - ETA: 0s - loss: 0.2456
61/74 [=======================>......] - ETA: 0s - loss: 0.2456
64/74 [========================>.....] - ETA: 0s - loss: 0.2449
67/74 [==========================>...] - ETA: 0s - loss: 0.2444
70/74 [===========================>..] - ETA: 0s - loss: 0.2432
73/74 [============================>.] - ETA: 0s - loss: 0.2434
74/74 [==============================] - 1s 19ms/step - loss: 0.2435
Epoch 9/10

 1/74 [..............................] - ETA: 1s - loss: 0.2229
 4/74 [>.............................] - ETA: 1s - loss: 0.2342
 7/74 [=>............................] - ETA: 1s - loss: 0.2367
10/74 [===>..........................] - ETA: 1s - loss: 0.2401
13/74 [====>.........................] - ETA: 1s - loss: 0.2371
16/74 [=====>........................] - ETA: 1s - loss: 0.2376
19/74 [======>.......................] - ETA: 1s - loss: 0.2366
22/74 [=======>......................] - ETA: 0s - loss: 0.2373
25/74 [=========>....................] - ETA: 0s - loss: 0.2357
28/74 [==========>...................] - ETA: 0s - loss: 0.2357
31/74 [===========>..................] - ETA: 0s - loss: 0.2365
34/74 [============>.................] - ETA: 0s - loss: 0.2365
37/74 [==============>...............] - ETA: 0s - loss: 0.2371
40/74 [===============>..............] - ETA: 0s - loss: 0.2379
43/74 [================>.............] - ETA: 0s - loss: 0.2379
46/74 [=================>............] - ETA: 0s - loss: 0.2376
49/74 [==================>...........] - ETA: 0s - loss: 0.2371
52/74 [====================>.........] - ETA: 0s - loss: 0.2368
55/74 [=====================>........] - ETA: 0s - loss: 0.2363
58/74 [======================>.......] - ETA: 0s - loss: 0.2359
61/74 [=======================>......] - ETA: 0s - loss: 0.2354
64/74 [========================>.....] - ETA: 0s - loss: 0.2359
67/74 [==========================>...] - ETA: 0s - loss: 0.2362
70/74 [===========================>..] - ETA: 0s - loss: 0.2368
73/74 [============================>.] - ETA: 0s - loss: 0.2363
74/74 [==============================] - 1s 19ms/step - loss: 0.2364
Epoch 10/10

 1/74 [..............................] - ETA: 1s - loss: 0.2323
 4/74 [>.............................] - ETA: 1s - loss: 0.2303
 7/74 [=>............................] - ETA: 1s - loss: 0.2358
10/74 [===>..........................] - ETA: 1s - loss: 0.2332
13/74 [====>.........................] - ETA: 1s - loss: 0.2357
16/74 [=====>........................] - ETA: 1s - loss: 0.2349
19/74 [======>.......................] - ETA: 1s - loss: 0.2327
22/74 [=======>......................] - ETA: 0s - loss: 0.2329
25/74 [=========>....................] - ETA: 0s - loss: 0.2320
28/74 [==========>...................] - ETA: 0s - loss: 0.2314
31/74 [===========>..................] - ETA: 0s - loss: 0.2319
34/74 [============>.................] - ETA: 0s - loss: 0.2327
37/74 [==============>...............] - ETA: 0s - loss: 0.2313
40/74 [===============>..............] - ETA: 0s - loss: 0.2313
43/74 [================>.............] - ETA: 0s - loss: 0.2322
46/74 [=================>............] - ETA: 0s - loss: 0.2317
49/74 [==================>...........] - ETA: 0s - loss: 0.2320
52/74 [====================>.........] - ETA: 0s - loss: 0.2323
55/74 [=====================>........] - ETA: 0s - loss: 0.2323
58/74 [======================>.......] - ETA: 0s - loss: 0.2322
61/74 [=======================>......] - ETA: 0s - loss: 0.2319
64/74 [========================>.....] - ETA: 0s - loss: 0.2314
67/74 [==========================>...] - ETA: 0s - loss: 0.2307
70/74 [===========================>..] - ETA: 0s - loss: 0.2305
73/74 [============================>.] - ETA: 0s - loss: 0.2308
74/74 [==============================] - 1s 19ms/step - loss: 0.2308
saving model to  C:\BA\deepcoder\deepcoder_pipeline\output\runs\T2_gas1000_epochs10_seed1\model.h5
