
  0%|          | 0/100 [00:00<?, ?it/s]
  1%|1         | 1/100 [00:05<09:47,  5.94s/it]
  3%|3         | 3/100 [00:06<02:34,  1.59s/it]
  8%|8         | 8/100 [00:06<00:41,  2.19it/s]
 19%|#9        | 19/100 [00:06<00:12,  6.66it/s]
 23%|##3       | 23/100 [00:06<00:09,  8.46it/s]
 28%|##8       | 28/100 [00:06<00:06, 11.17it/s]
 33%|###3      | 33/100 [00:06<00:04, 13.76it/s]
 37%|###7      | 37/100 [00:06<00:03, 15.95it/s]
 41%|####1     | 41/100 [00:07<00:03, 18.69it/s]
 45%|####5     | 45/100 [00:07<00:02, 20.27it/s]
 49%|####9     | 49/100 [00:07<00:02, 21.72it/s]
 53%|#####3    | 53/100 [00:07<00:02, 22.26it/s]
 63%|######3   | 63/100 [00:07<00:01, 36.71it/s]
 74%|#######4  | 74/100 [00:07<00:00, 48.78it/s]
 80%|########  | 80/100 [00:07<00:00, 43.91it/s]
 86%|########6 | 86/100 [00:08<00:00, 40.76it/s]
100%|##########| 100/100 [00:08<00:00, 11.16it/s]
C:\BA\deepcoder\deepcoder_pipeline\scripts\solve-problems.py:104: FutureWarning: Starting with pandas version 3.0 all arguments of to_hdf except for the argument 'path_or_buf' will be keyword-only.
  df.to_hdf(args.outfile, 'data')
C:\BA\deepcoder\deepcoder_pipeline\scripts\solve-problems.py:104: PerformanceWarning: 
your performance may suffer as PyTables will pickle object types that it cannot
map directly to c-types [inferred_type->mixed,key->block2_values] [items->Index(['solution', 'reference', 'best_partial_solution'], dtype='object')]

  df.to_hdf(args.outfile, 'data')
summary:
solved 53/100 (53.0%)
          nb_steps     wall_ms  best_partial_match_fraction
count   100.000000  100.000000                    47.000000
mean    628.420000   90.478082                     0.187234
std     412.020181   64.420994                     0.233701
min       1.000000    0.000000                     0.000000
25%     175.500000   16.509473                     0.000000
50%     830.000000   98.581791                     0.200000
75%    1000.000000  138.397992                     0.200000
max    1002.000000  205.895185                     0.800000
of 47 unsolved tasks, 25 have a best-partial candidate (mean match fraction 0.187)
saving results to C:\BA\deepcoder\deepcoder_pipeline\output\runs\T2_gas1000_epochs10_seed1\solve_no_predictor.h5
