Saved 100 rows to C:\BA\deepcoder\deepcoder_pipeline\output\runs\T2_gas1000_epochs10_seed1\metrics_with_predictor.csv

Summary:
       exact_match  ...  best_effort_partial_correctness
count   100.000000  ...                       100.000000
mean      0.220000  ...                         0.540417
std       0.416333  ...                         0.300935
min       0.000000  ...                         0.000000
25%       0.000000  ...                         0.333333
50%       0.000000  ...                         0.500000
75%       0.000000  ...                         0.687500
max       1.000000  ...                         1.000000

[8 rows x 7 columns]

Solved count:
solved
True     70
False    30
Name: count, dtype: int64

Unsolved tasks: 30
  with a best-partial candidate: 20
  mean partial_correctness (old, always 0): 0.0000
  mean best_effort_partial_correctness (new): 0.3014
