
1/4 [======>.......................] - ETA: 8s
4/4 [==============================] - 3s 9ms/step

  0%|          | 0/100 [00:00<?, ?it/s]
  1%|1         | 1/100 [00:05<09:30,  5.77s/it]
  8%|8         | 8/100 [00:05<00:50,  1.82it/s]
 16%|#6        | 16/100 [00:06<00:19,  4.31it/s]
 25%|##5       | 25/100 [00:06<00:09,  7.78it/s]
 33%|###3      | 33/100 [00:06<00:05, 11.50it/s]
 38%|###8      | 38/100 [00:06<00:04, 13.50it/s]
 42%|####2     | 42/100 [00:06<00:03, 15.16it/s]
 46%|####6     | 46/100 [00:06<00:03, 17.47it/s]
 53%|#####3    | 53/100 [00:07<00:02, 21.73it/s]
 65%|######5   | 65/100 [00:07<00:00, 35.50it/s]
 77%|#######7  | 77/100 [00:07<00:00, 49.25it/s]
 85%|########5 | 85/100 [00:07<00:00, 45.19it/s]
 92%|#########2| 92/100 [00:07<00:00, 49.57it/s]
100%|##########| 100/100 [00:08<00:00, 11.75it/s]
C:\BA\deepcoder\deepcoder_pipeline\scripts\solve-problems.py:104: FutureWarning: Starting with pandas version 3.0 all arguments of to_hdf except for the argument 'path_or_buf' will be keyword-only.
  df.to_hdf(args.outfile, 'data')
C:\BA\deepcoder\deepcoder_pipeline\scripts\solve-problems.py:104: PerformanceWarning: 
your performance may suffer as PyTables will pickle object types that it cannot
map directly to c-types [inferred_type->mixed,key->block2_values] [items->Index(['solution', 'reference', 'best_partial_solution'], dtype='object')]

  df.to_hdf(args.outfile, 'data')
summary:
solved 70/100 (70.0%)
          nb_steps     wall_ms  best_partial_match_fraction
count   100.000000  100.000000                    30.000000
mean    461.900000   78.022394                     0.193333
std     403.030828   70.328884                     0.206670
min       1.000000    0.000000                     0.000000
25%      78.000000   13.251841                     0.000000
50%     345.000000   49.202681                     0.200000
75%    1000.000000  149.958253                     0.200000
max    1006.000000  215.899944                     0.800000
of 30 unsolved tasks, 20 have a best-partial candidate (mean match fraction 0.193)
saving results to C:\BA\deepcoder\deepcoder_pipeline\output\runs\T2_gas1000_epochs10_seed1\solve_with_predictor.h5
