
  0%|          | 0/100 [00:00<?, ?it/s]
  1%|          | 1/100 [00:04<07:49,  4.74s/it]
 28%|██▊       | 28/100 [00:04<00:08,  8.08it/s]
 44%|████▍     | 44/100 [00:04<00:03, 14.12it/s]
 64%|██████▍   | 64/100 [00:05<00:01, 24.14it/s]
100%|██████████| 100/100 [00:06<00:00, 16.49it/s]
C:\BA\deepcoder\deepcoder_pipeline\scripts\solve-problems.py:95: FutureWarning: Starting with pandas version 3.0 all arguments of to_hdf except for the argument 'path_or_buf' will be keyword-only.
  df.to_hdf(args.outfile, 'data')
C:\BA\deepcoder\deepcoder_pipeline\scripts\solve-problems.py:95: PerformanceWarning: 
your performance may suffer as PyTables will pickle object types that it cannot
map directly to c-types [inferred_type->mixed,key->block2_values] [items->Index(['solution', 'reference'], dtype='object')]

  df.to_hdf(args.outfile, 'data')
summary:
solved 53/100 (53.0%)
          nb_steps     wall_ms
count   100.000000  100.000000
mean    628.420000   16.508317
std     412.020181   11.730127
min       1.000000    0.000000
25%     175.500000    3.750503
50%     830.000000   18.347859
75%    1000.000000   25.214076
max    1002.000000   39.225340
saving results to C:\BA\deepcoder\deepcoder_pipeline\output\results_T2_gas1000_no_predictor.h5
