
1/4 [======>.......................] - ETA: 8s
4/4 [==============================] - 3s 10ms/step

  0%|          | 0/100 [00:00<?, ?it/s]
  1%|          | 1/100 [00:06<11:04,  6.71s/it]
 15%|█▌        | 15/100 [00:06<00:27,  3.05it/s]
 32%|███▏      | 32/100 [00:06<00:08,  7.86it/s]
 47%|████▋     | 47/100 [00:07<00:03, 13.45it/s]
 74%|███████▍  | 74/100 [00:07<00:00, 26.96it/s]
100%|██████████| 100/100 [00:08<00:00, 12.23it/s]
C:\BA\deepcoder\deepcoder_pipeline\scripts\solve-problems.py:95: FutureWarning: Starting with pandas version 3.0 all arguments of to_hdf except for the argument 'path_or_buf' will be keyword-only.
  df.to_hdf(args.outfile, 'data')
C:\BA\deepcoder\deepcoder_pipeline\scripts\solve-problems.py:95: PerformanceWarning: 
your performance may suffer as PyTables will pickle object types that it cannot
map directly to c-types [inferred_type->mixed,key->block2_values] [items->Index(['solution', 'reference'], dtype='object')]

  df.to_hdf(args.outfile, 'data')
summary:
solved 65/100 (65.0%)
         nb_steps     wall_ms
count   100.00000  100.000000
mean    508.89000   20.372410
std     422.07929   17.714261
min       1.00000    0.000000
25%      62.50000    2.983451
50%     461.00000   16.838908
75%    1000.00000   35.531521
max    1007.00000   59.103966
saving results to C:\BA\deepcoder\deepcoder_pipeline\output\results_T2_gas1000_with_predictor.h5
