Epoch 1/10

 1/74 [..............................] - ETA: 14:23 - loss: 0.7574
 5/74 [=>............................] - ETA: 1s - loss: 0.5939   
 9/74 [==>...........................] - ETA: 1s - loss: 0.4872
12/74 [===>..........................] - ETA: 1s - loss: 0.4357
15/74 [=====>........................] - ETA: 0s - loss: 0.4048
18/74 [======>.......................] - ETA: 0s - loss: 0.3814
22/74 [=======>......................] - ETA: 0s - loss: 0.3587
25/74 [=========>....................] - ETA: 0s - loss: 0.3471
29/74 [==========>...................] - ETA: 0s - loss: 0.3356
32/74 [===========>..................] - ETA: 0s - loss: 0.3276
36/74 [=============>................] - ETA: 0s - loss: 0.3191
40/74 [===============>..............] - ETA: 0s - loss: 0.3130
44/74 [================>.............] - ETA: 0s - loss: 0.3072
47/74 [==================>...........] - ETA: 0s - loss: 0.3048
51/74 [===================>..........] - ETA: 0s - loss: 0.3004
55/74 [=====================>........] - ETA: 0s - loss: 0.2975
58/74 [======================>.......] - ETA: 0s - loss: 0.2953
61/74 [=======================>......] - ETA: 0s - loss: 0.2938
65/74 [=========================>....] - ETA: 0s - loss: 0.2919
68/74 [==========================>...] - ETA: 0s - loss: 0.2903
72/74 [============================>.] - ETA: 0s - loss: 0.2888
74/74 [==============================] - 13s 17ms/step - loss: 0.2881
Epoch 2/10

 1/74 [..............................] - ETA: 1s - loss: 0.2678
 5/74 [=>............................] - ETA: 1s - loss: 0.2478
 8/74 [==>...........................] - ETA: 1s - loss: 0.2519
12/74 [===>..........................] - ETA: 1s - loss: 0.2541
16/74 [=====>........................] - ETA: 0s - loss: 0.2543
20/74 [=======>......................] - ETA: 0s - loss: 0.2563
23/74 [========>.....................] - ETA: 0s - loss: 0.2559
27/74 [=========>....................] - ETA: 0s - loss: 0.2565
30/74 [===========>..................] - ETA: 0s - loss: 0.2567
33/74 [============>.................] - ETA: 0s - loss: 0.2555
36/74 [=============>................] - ETA: 0s - loss: 0.2552
39/74 [==============>...............] - ETA: 0s - loss: 0.2551
43/74 [================>.............] - ETA: 0s - loss: 0.2552
46/74 [=================>............] - ETA: 0s - loss: 0.2549
50/74 [===================>..........] - ETA: 0s - loss: 0.2549
53/74 [====================>.........] - ETA: 0s - loss: 0.2548
56/74 [=====================>........] - ETA: 0s - loss: 0.2549
60/74 [=======================>......] - ETA: 0s - loss: 0.2552
64/74 [========================>.....] - ETA: 0s - loss: 0.2550
68/74 [==========================>...] - ETA: 0s - loss: 0.2555
71/74 [===========================>..] - ETA: 0s - loss: 0.2557
74/74 [==============================] - ETA: 0s - loss: 0.2563
74/74 [==============================] - 1s 17ms/step - loss: 0.2563
Epoch 3/10

 1/74 [..............................] - ETA: 1s - loss: 0.2657
 5/74 [=>............................] - ETA: 1s - loss: 0.2646
 8/74 [==>...........................] - ETA: 1s - loss: 0.2571
11/74 [===>..........................] - ETA: 1s - loss: 0.2554
14/74 [====>.........................] - ETA: 0s - loss: 0.2539
18/74 [======>.......................] - ETA: 0s - loss: 0.2557
21/74 [=======>......................] - ETA: 0s - loss: 0.2545
24/74 [========>.....................] - ETA: 0s - loss: 0.2544
28/74 [==========>...................] - ETA: 0s - loss: 0.2542
31/74 [===========>..................] - ETA: 0s - loss: 0.2551
35/74 [=============>................] - ETA: 0s - loss: 0.2551
39/74 [==============>...............] - ETA: 0s - loss: 0.2556
42/74 [================>.............] - ETA: 0s - loss: 0.2555
45/74 [=================>............] - ETA: 0s - loss: 0.2562
49/74 [==================>...........] - ETA: 0s - loss: 0.2557
52/74 [====================>.........] - ETA: 0s - loss: 0.2555
56/74 [=====================>........] - ETA: 0s - loss: 0.2565
59/74 [======================>.......] - ETA: 0s - loss: 0.2572
62/74 [========================>.....] - ETA: 0s - loss: 0.2571
65/74 [=========================>....] - ETA: 0s - loss: 0.2569
69/74 [==========================>...] - ETA: 0s - loss: 0.2571
73/74 [============================>.] - ETA: 0s - loss: 0.2566
74/74 [==============================] - 1s 17ms/step - loss: 0.2564
Epoch 4/10

 1/74 [..............................] - ETA: 1s - loss: 0.2653
 5/74 [=>............................] - ETA: 1s - loss: 0.2493
 8/74 [==>...........................] - ETA: 1s - loss: 0.2513
11/74 [===>..........................] - ETA: 1s - loss: 0.2496
14/74 [====>.........................] - ETA: 1s - loss: 0.2526
17/74 [=====>........................] - ETA: 0s - loss: 0.2530
20/74 [=======>......................] - ETA: 0s - loss: 0.2546
23/74 [========>.....................] - ETA: 0s - loss: 0.2550
26/74 [=========>....................] - ETA: 0s - loss: 0.2555
29/74 [==========>...................] - ETA: 0s - loss: 0.2565
32/74 [===========>..................] - ETA: 0s - loss: 0.2571
35/74 [=============>................] - ETA: 0s - loss: 0.2567
38/74 [==============>...............] - ETA: 0s - loss: 0.2569
41/74 [===============>..............] - ETA: 0s - loss: 0.2568
44/74 [================>.............] - ETA: 0s - loss: 0.2568
47/74 [==================>...........] - ETA: 0s - loss: 0.2569
50/74 [===================>..........] - ETA: 0s - loss: 0.2569
53/74 [====================>.........] - ETA: 0s - loss: 0.2567
56/74 [=====================>........] - ETA: 0s - loss: 0.2563
59/74 [======================>.......] - ETA: 0s - loss: 0.2564
62/74 [========================>.....] - ETA: 0s - loss: 0.2562
65/74 [=========================>....] - ETA: 0s - loss: 0.2561
68/74 [==========================>...] - ETA: 0s - loss: 0.2566
71/74 [===========================>..] - ETA: 0s - loss: 0.2571
74/74 [==============================] - ETA: 0s - loss: 0.2566
74/74 [==============================] - 1s 19ms/step - loss: 0.2566
Epoch 5/10

 1/74 [..............................] - ETA: 1s - loss: 0.2348
 4/74 [>.............................] - ETA: 1s - loss: 0.2434
 7/74 [=>............................] - ETA: 1s - loss: 0.2470
10/74 [===>..........................] - ETA: 1s - loss: 0.2468
13/74 [====>.........................] - ETA: 1s - loss: 0.2473
16/74 [=====>........................] - ETA: 1s - loss: 0.2513
19/74 [======>.......................] - ETA: 1s - loss: 0.2527
22/74 [=======>......................] - ETA: 0s - loss: 0.2528
25/74 [=========>....................] - ETA: 0s - loss: 0.2526
28/74 [==========>...................] - ETA: 0s - loss: 0.2523
31/74 [===========>..................] - ETA: 0s - loss: 0.2525
34/74 [============>.................] - ETA: 0s - loss: 0.2524
37/74 [==============>...............] - ETA: 0s - loss: 0.2525
40/74 [===============>..............] - ETA: 0s - loss: 0.2523
43/74 [================>.............] - ETA: 0s - loss: 0.2529
46/74 [=================>............] - ETA: 0s - loss: 0.2537
49/74 [==================>...........] - ETA: 0s - loss: 0.2540
52/74 [====================>.........] - ETA: 0s - loss: 0.2545
55/74 [=====================>........] - ETA: 0s - loss: 0.2548
58/74 [======================>.......] - ETA: 0s - loss: 0.2543
61/74 [=======================>......] - ETA: 0s - loss: 0.2551
64/74 [========================>.....] - ETA: 0s - loss: 0.2552
67/74 [==========================>...] - ETA: 0s - loss: 0.2558
70/74 [===========================>..] - ETA: 0s - loss: 0.2559
73/74 [============================>.] - ETA: 0s - loss: 0.2559
74/74 [==============================] - 1s 19ms/step - loss: 0.2561
Epoch 6/10

 1/74 [..............................] - ETA: 1s - loss: 0.2561
 4/74 [>.............................] - ETA: 1s - loss: 0.2557
 7/74 [=>............................] - ETA: 1s - loss: 0.2545
10/74 [===>..........................] - ETA: 1s - loss: 0.2548
13/74 [====>.........................] - ETA: 1s - loss: 0.2550
16/74 [=====>........................] - ETA: 1s - loss: 0.2557
19/74 [======>.......................] - ETA: 1s - loss: 0.2558
22/74 [=======>......................] - ETA: 0s - loss: 0.2555
25/74 [=========>....................] - ETA: 0s - loss: 0.2555
28/74 [==========>...................] - ETA: 0s - loss: 0.2564
31/74 [===========>..................] - ETA: 0s - loss: 0.2574
34/74 [============>.................] - ETA: 0s - loss: 0.2570
37/74 [==============>...............] - ETA: 0s - loss: 0.2559
40/74 [===============>..............] - ETA: 0s - loss: 0.2555
43/74 [================>.............] - ETA: 0s - loss: 0.2559
46/74 [=================>............] - ETA: 0s - loss: 0.2547
49/74 [==================>...........] - ETA: 0s - loss: 0.2556
52/74 [====================>.........] - ETA: 0s - loss: 0.2559
55/74 [=====================>........] - ETA: 0s - loss: 0.2559
58/74 [======================>.......] - ETA: 0s - loss: 0.2565
61/74 [=======================>......] - ETA: 0s - loss: 0.2566
64/74 [========================>.....] - ETA: 0s - loss: 0.2565
67/74 [==========================>...] - ETA: 0s - loss: 0.2566
70/74 [===========================>..] - ETA: 0s - loss: 0.2567
73/74 [============================>.] - ETA: 0s - loss: 0.2563
74/74 [==============================] - 1s 19ms/step - loss: 0.2563
Epoch 7/10

 1/74 [..............................] - ETA: 1s - loss: 0.2535
 4/74 [>.............................] - ETA: 1s - loss: 0.2571
 7/74 [=>............................] - ETA: 1s - loss: 0.2562
10/74 [===>..........................] - ETA: 1s - loss: 0.2517
13/74 [====>.........................] - ETA: 1s - loss: 0.2564
16/74 [=====>........................] - ETA: 1s - loss: 0.2561
19/74 [======>.......................] - ETA: 0s - loss: 0.2561
22/74 [=======>......................] - ETA: 0s - loss: 0.2575
25/74 [=========>....................] - ETA: 0s - loss: 0.2568
28/74 [==========>...................] - ETA: 0s - loss: 0.2575
31/74 [===========>..................] - ETA: 0s - loss: 0.2582
34/74 [============>.................] - ETA: 0s - loss: 0.2580
37/74 [==============>...............] - ETA: 0s - loss: 0.2567
40/74 [===============>..............] - ETA: 0s - loss: 0.2563
43/74 [================>.............] - ETA: 0s - loss: 0.2568
46/74 [=================>............] - ETA: 0s - loss: 0.2566
49/74 [==================>...........] - ETA: 0s - loss: 0.2566
52/74 [====================>.........] - ETA: 0s - loss: 0.2576
55/74 [=====================>........] - ETA: 0s - loss: 0.2571
58/74 [======================>.......] - ETA: 0s - loss: 0.2570
61/74 [=======================>......] - ETA: 0s - loss: 0.2564
64/74 [========================>.....] - ETA: 0s - loss: 0.2565
67/74 [==========================>...] - ETA: 0s - loss: 0.2562
70/74 [===========================>..] - ETA: 0s - loss: 0.2562
73/74 [============================>.] - ETA: 0s - loss: 0.2562
74/74 [==============================] - 1s 19ms/step - loss: 0.2562
Epoch 8/10

 1/74 [..............................] - ETA: 1s - loss: 0.2616
 4/74 [>.............................] - ETA: 1s - loss: 0.2539
 7/74 [=>............................] - ETA: 1s - loss: 0.2528
10/74 [===>..........................] - ETA: 1s - loss: 0.2539
13/74 [====>.........................] - ETA: 1s - loss: 0.2523
16/74 [=====>........................] - ETA: 1s - loss: 0.2523
19/74 [======>.......................] - ETA: 0s - loss: 0.2516
22/74 [=======>......................] - ETA: 0s - loss: 0.2536
25/74 [=========>....................] - ETA: 0s - loss: 0.2544
28/74 [==========>...................] - ETA: 0s - loss: 0.2542
31/74 [===========>..................] - ETA: 0s - loss: 0.2547
34/74 [============>.................] - ETA: 0s - loss: 0.2552
37/74 [==============>...............] - ETA: 0s - loss: 0.2557
40/74 [===============>..............] - ETA: 0s - loss: 0.2557
43/74 [================>.............] - ETA: 0s - loss: 0.2558
46/74 [=================>............] - ETA: 0s - loss: 0.2557
49/74 [==================>...........] - ETA: 0s - loss: 0.2551
52/74 [====================>.........] - ETA: 0s - loss: 0.2556
55/74 [=====================>........] - ETA: 0s - loss: 0.2561
58/74 [======================>.......] - ETA: 0s - loss: 0.2567
61/74 [=======================>......] - ETA: 0s - loss: 0.2566
64/74 [========================>.....] - ETA: 0s - loss: 0.2564
67/74 [==========================>...] - ETA: 0s - loss: 0.2563
70/74 [===========================>..] - ETA: 0s - loss: 0.2561
73/74 [============================>.] - ETA: 0s - loss: 0.2563
74/74 [==============================] - 1s 18ms/step - loss: 0.2562
Epoch 9/10

 1/74 [..............................] - ETA: 1s - loss: 0.2550
 4/74 [>.............................] - ETA: 1s - loss: 0.2529
 7/74 [=>............................] - ETA: 1s - loss: 0.2589
10/74 [===>..........................] - ETA: 1s - loss: 0.2597
13/74 [====>.........................] - ETA: 1s - loss: 0.2597
16/74 [=====>........................] - ETA: 1s - loss: 0.2590
19/74 [======>.......................] - ETA: 1s - loss: 0.2602
22/74 [=======>......................] - ETA: 1s - loss: 0.2585
25/74 [=========>....................] - ETA: 0s - loss: 0.2575
28/74 [==========>...................] - ETA: 0s - loss: 0.2577
31/74 [===========>..................] - ETA: 0s - loss: 0.2580
34/74 [============>.................] - ETA: 0s - loss: 0.2578
37/74 [==============>...............] - ETA: 0s - loss: 0.2572
40/74 [===============>..............] - ETA: 0s - loss: 0.2575
43/74 [================>.............] - ETA: 0s - loss: 0.2576
46/74 [=================>............] - ETA: 0s - loss: 0.2573
49/74 [==================>...........] - ETA: 0s - loss: 0.2571
52/74 [====================>.........] - ETA: 0s - loss: 0.2568
55/74 [=====================>........] - ETA: 0s - loss: 0.2567
58/74 [======================>.......] - ETA: 0s - loss: 0.2566
61/74 [=======================>......] - ETA: 0s - loss: 0.2568
64/74 [========================>.....] - ETA: 0s - loss: 0.2564
67/74 [==========================>...] - ETA: 0s - loss: 0.2565
70/74 [===========================>..] - ETA: 0s - loss: 0.2564
73/74 [============================>.] - ETA: 0s - loss: 0.2560
74/74 [==============================] - 1s 19ms/step - loss: 0.2561
Epoch 10/10

 1/74 [..............................] - ETA: 1s - loss: 0.2869
 4/74 [>.............................] - ETA: 1s - loss: 0.2608
 7/74 [=>............................] - ETA: 1s - loss: 0.2550
10/74 [===>..........................] - ETA: 1s - loss: 0.2556
13/74 [====>.........................] - ETA: 1s - loss: 0.2543
16/74 [=====>........................] - ETA: 1s - loss: 0.2553
19/74 [======>.......................] - ETA: 1s - loss: 0.2552
22/74 [=======>......................] - ETA: 1s - loss: 0.2546
25/74 [=========>....................] - ETA: 0s - loss: 0.2547
28/74 [==========>...................] - ETA: 0s - loss: 0.2539
31/74 [===========>..................] - ETA: 0s - loss: 0.2547
34/74 [============>.................] - ETA: 0s - loss: 0.2552
37/74 [==============>...............] - ETA: 0s - loss: 0.2551
40/74 [===============>..............] - ETA: 0s - loss: 0.2548
43/74 [================>.............] - ETA: 0s - loss: 0.2554
46/74 [=================>............] - ETA: 0s - loss: 0.2556
49/74 [==================>...........] - ETA: 0s - loss: 0.2557
52/74 [====================>.........] - ETA: 0s - loss: 0.2557
55/74 [=====================>........] - ETA: 0s - loss: 0.2551
58/74 [======================>.......] - ETA: 0s - loss: 0.2547
61/74 [=======================>......] - ETA: 0s - loss: 0.2542
64/74 [========================>.....] - ETA: 0s - loss: 0.2543
67/74 [==========================>...] - ETA: 0s - loss: 0.2538
70/74 [===========================>..] - ETA: 0s - loss: 0.2538
73/74 [============================>.] - ETA: 0s - loss: 0.2539
74/74 [==============================] - 1s 19ms/step - loss: 0.2539
saving model to  C:\BA\deepcoder\deepcoder_pipeline\output\model_T2.h5
