Epoch 1/10

 1/74 [..............................] - ETA: 13:12 - loss: 0.7574
 5/74 [=>............................] - ETA: 0s - loss: 0.5939   
 9/74 [==>...........................] - ETA: 0s - loss: 0.4872
13/74 [====>.........................] - ETA: 0s - loss: 0.4253
17/74 [=====>........................] - ETA: 0s - loss: 0.3881
21/74 [=======>......................] - ETA: 0s - loss: 0.3636
25/74 [=========>....................] - ETA: 0s - loss: 0.3471
29/74 [==========>...................] - ETA: 0s - loss: 0.3356
33/74 [============>.................] - ETA: 0s - loss: 0.3254
37/74 [==============>...............] - ETA: 0s - loss: 0.3177
41/74 [===============>..............] - ETA: 0s - loss: 0.3116
45/74 [=================>............] - ETA: 0s - loss: 0.3066
49/74 [==================>...........] - ETA: 0s - loss: 0.3025
53/74 [====================>.........] - ETA: 0s - loss: 0.2988
57/74 [======================>.......] - ETA: 0s - loss: 0.2962
61/74 [=======================>......] - ETA: 0s - loss: 0.2938
65/74 [=========================>....] - ETA: 0s - loss: 0.2919
69/74 [==========================>...] - ETA: 0s - loss: 0.2900
73/74 [============================>.] - ETA: 0s - loss: 0.2885
74/74 [==============================] - 12s 15ms/step - loss: 0.2881
Epoch 2/10

 1/74 [..............................] - ETA: 1s - loss: 0.2678
 5/74 [=>............................] - ETA: 0s - loss: 0.2478
 9/74 [==>...........................] - ETA: 0s - loss: 0.2512
13/74 [====>.........................] - ETA: 0s - loss: 0.2544
17/74 [=====>........................] - ETA: 0s - loss: 0.2549
21/74 [=======>......................] - ETA: 0s - loss: 0.2567
25/74 [=========>....................] - ETA: 0s - loss: 0.2561
29/74 [==========>...................] - ETA: 0s - loss: 0.2563
33/74 [============>.................] - ETA: 0s - loss: 0.2555
37/74 [==============>...............] - ETA: 0s - loss: 0.2552
41/74 [===============>..............] - ETA: 0s - loss: 0.2553
45/74 [=================>............] - ETA: 0s - loss: 0.2551
49/74 [==================>...........] - ETA: 0s - loss: 0.2547
53/74 [====================>.........] - ETA: 0s - loss: 0.2548
57/74 [======================>.......] - ETA: 0s - loss: 0.2552
61/74 [=======================>......] - ETA: 0s - loss: 0.2551
65/74 [=========================>....] - ETA: 0s - loss: 0.2550
69/74 [==========================>...] - ETA: 0s - loss: 0.2555
73/74 [============================>.] - ETA: 0s - loss: 0.2561
74/74 [==============================] - 1s 14ms/step - loss: 0.2563
Epoch 3/10

 1/74 [..............................] - ETA: 1s - loss: 0.2657
 5/74 [=>............................] - ETA: 0s - loss: 0.2646
 9/74 [==>...........................] - ETA: 0s - loss: 0.2565
13/74 [====>.........................] - ETA: 0s - loss: 0.2537
17/74 [=====>........................] - ETA: 0s - loss: 0.2557
21/74 [=======>......................] - ETA: 0s - loss: 0.2545
25/74 [=========>....................] - ETA: 0s - loss: 0.2538
28/74 [==========>...................] - ETA: 0s - loss: 0.2542
32/74 [===========>..................] - ETA: 0s - loss: 0.2551
35/74 [=============>................] - ETA: 0s - loss: 0.2551
39/74 [==============>...............] - ETA: 0s - loss: 0.2556
43/74 [================>.............] - ETA: 0s - loss: 0.2559
47/74 [==================>...........] - ETA: 0s - loss: 0.2561
51/74 [===================>..........] - ETA: 0s - loss: 0.2555
55/74 [=====================>........] - ETA: 0s - loss: 0.2563
59/74 [======================>.......] - ETA: 0s - loss: 0.2572
63/74 [========================>.....] - ETA: 0s - loss: 0.2570
67/74 [==========================>...] - ETA: 0s - loss: 0.2573
71/74 [===========================>..] - ETA: 0s - loss: 0.2568
74/74 [==============================] - 1s 15ms/step - loss: 0.2564
Epoch 4/10

 1/74 [..............................] - ETA: 1s - loss: 0.2653
 5/74 [=>............................] - ETA: 0s - loss: 0.2493
 9/74 [==>...........................] - ETA: 0s - loss: 0.2533
13/74 [====>.........................] - ETA: 0s - loss: 0.2514
17/74 [=====>........................] - ETA: 0s - loss: 0.2530
21/74 [=======>......................] - ETA: 0s - loss: 0.2544
25/74 [=========>....................] - ETA: 0s - loss: 0.2554
29/74 [==========>...................] - ETA: 0s - loss: 0.2565
33/74 [============>.................] - ETA: 0s - loss: 0.2569
37/74 [==============>...............] - ETA: 0s - loss: 0.2569
41/74 [===============>..............] - ETA: 0s - loss: 0.2568
45/74 [=================>............] - ETA: 0s - loss: 0.2566
49/74 [==================>...........] - ETA: 0s - loss: 0.2567
53/74 [====================>.........] - ETA: 0s - loss: 0.2567
57/74 [======================>.......] - ETA: 0s - loss: 0.2560
61/74 [=======================>......] - ETA: 0s - loss: 0.2566
65/74 [=========================>....] - ETA: 0s - loss: 0.2561
69/74 [==========================>...] - ETA: 0s - loss: 0.2568
73/74 [============================>.] - ETA: 0s - loss: 0.2565
74/74 [==============================] - 1s 14ms/step - loss: 0.2566
Epoch 5/10

 1/74 [..............................] - ETA: 1s - loss: 0.2348
 5/74 [=>............................] - ETA: 0s - loss: 0.2465
 9/74 [==>...........................] - ETA: 0s - loss: 0.2465
13/74 [====>.........................] - ETA: 0s - loss: 0.2473
17/74 [=====>........................] - ETA: 0s - loss: 0.2518
21/74 [=======>......................] - ETA: 0s - loss: 0.2524
25/74 [=========>....................] - ETA: 0s - loss: 0.2526
29/74 [==========>...................] - ETA: 0s - loss: 0.2526
33/74 [============>.................] - ETA: 0s - loss: 0.2524
37/74 [==============>...............] - ETA: 0s - loss: 0.2525
41/74 [===============>..............] - ETA: 0s - loss: 0.2523
45/74 [=================>............] - ETA: 0s - loss: 0.2538
49/74 [==================>...........] - ETA: 0s - loss: 0.2540
53/74 [====================>.........] - ETA: 0s - loss: 0.2547
57/74 [======================>.......] - ETA: 0s - loss: 0.2543
61/74 [=======================>......] - ETA: 0s - loss: 0.2551
65/74 [=========================>....] - ETA: 0s - loss: 0.2553
69/74 [==========================>...] - ETA: 0s - loss: 0.2559
73/74 [============================>.] - ETA: 0s - loss: 0.2559
74/74 [==============================] - 1s 14ms/step - loss: 0.2561
Epoch 6/10

 1/74 [..............................] - ETA: 1s - loss: 0.2561
 5/74 [=>............................] - ETA: 0s - loss: 0.2534
 9/74 [==>...........................] - ETA: 0s - loss: 0.2566
13/74 [====>.........................] - ETA: 0s - loss: 0.2550
17/74 [=====>........................] - ETA: 0s - loss: 0.2559
21/74 [=======>......................] - ETA: 0s - loss: 0.2558
25/74 [=========>....................] - ETA: 0s - loss: 0.2555
29/74 [==========>...................] - ETA: 0s - loss: 0.2568
33/74 [============>.................] - ETA: 0s - loss: 0.2571
37/74 [==============>...............] - ETA: 0s - loss: 0.2559
41/74 [===============>..............] - ETA: 0s - loss: 0.2555
45/74 [=================>............] - ETA: 0s - loss: 0.2552
49/74 [==================>...........] - ETA: 0s - loss: 0.2556
53/74 [====================>.........] - ETA: 0s - loss: 0.2560
57/74 [======================>.......] - ETA: 0s - loss: 0.2566
61/74 [=======================>......] - ETA: 0s - loss: 0.2566
65/74 [=========================>....] - ETA: 0s - loss: 0.2566
69/74 [==========================>...] - ETA: 0s - loss: 0.2568
73/74 [============================>.] - ETA: 0s - loss: 0.2563
74/74 [==============================] - 1s 14ms/step - loss: 0.2563
Epoch 7/10

 1/74 [..............................] - ETA: 0s - loss: 0.2535
 5/74 [=>............................] - ETA: 1s - loss: 0.2596
 9/74 [==>...........................] - ETA: 0s - loss: 0.2523
13/74 [====>.........................] - ETA: 0s - loss: 0.2564
17/74 [=====>........................] - ETA: 0s - loss: 0.2553
21/74 [=======>......................] - ETA: 0s - loss: 0.2575
25/74 [=========>....................] - ETA: 0s - loss: 0.2568
29/74 [==========>...................] - ETA: 0s - loss: 0.2578
33/74 [============>.................] - ETA: 0s - loss: 0.2583
37/74 [==============>...............] - ETA: 0s - loss: 0.2567
41/74 [===============>..............] - ETA: 0s - loss: 0.2566
44/74 [================>.............] - ETA: 0s - loss: 0.2565
48/74 [==================>...........] - ETA: 0s - loss: 0.2564
52/74 [====================>.........] - ETA: 0s - loss: 0.2576
56/74 [=====================>........] - ETA: 0s - loss: 0.2570
60/74 [=======================>......] - ETA: 0s - loss: 0.2567
64/74 [========================>.....] - ETA: 0s - loss: 0.2565
68/74 [==========================>...] - ETA: 0s - loss: 0.2562
72/74 [============================>.] - ETA: 0s - loss: 0.2560
74/74 [==============================] - 1s 15ms/step - loss: 0.2562
Epoch 8/10

 1/74 [..............................] - ETA: 1s - loss: 0.2616
 5/74 [=>............................] - ETA: 1s - loss: 0.2517
 9/74 [==>...........................] - ETA: 0s - loss: 0.2551
13/74 [====>.........................] - ETA: 0s - loss: 0.2523
17/74 [=====>........................] - ETA: 0s - loss: 0.2523
21/74 [=======>......................] - ETA: 0s - loss: 0.2531
25/74 [=========>....................] - ETA: 0s - loss: 0.2544
29/74 [==========>...................] - ETA: 0s - loss: 0.2538
33/74 [============>.................] - ETA: 0s - loss: 0.2550
37/74 [==============>...............] - ETA: 0s - loss: 0.2557
41/74 [===============>..............] - ETA: 0s - loss: 0.2554
45/74 [=================>............] - ETA: 0s - loss: 0.2557
49/74 [==================>...........] - ETA: 0s - loss: 0.2551
51/74 [===================>..........] - ETA: 0s - loss: 0.2554
53/74 [====================>.........] - ETA: 0s - loss: 0.2555
57/74 [======================>.......] - ETA: 0s - loss: 0.2565
61/74 [=======================>......] - ETA: 0s - loss: 0.2566
65/74 [=========================>....] - ETA: 0s - loss: 0.2565
69/74 [==========================>...] - ETA: 0s - loss: 0.2563
73/74 [============================>.] - ETA: 0s - loss: 0.2563
74/74 [==============================] - 1s 15ms/step - loss: 0.2562
Epoch 9/10

 1/74 [..............................] - ETA: 1s - loss: 0.2550
 5/74 [=>............................] - ETA: 0s - loss: 0.2574
 9/74 [==>...........................] - ETA: 0s - loss: 0.2602
13/74 [====>.........................] - ETA: 0s - loss: 0.2597
17/74 [=====>........................] - ETA: 0s - loss: 0.2596
21/74 [=======>......................] - ETA: 0s - loss: 0.2587
25/74 [=========>....................] - ETA: 0s - loss: 0.2575
29/74 [==========>...................] - ETA: 0s - loss: 0.2580
33/74 [============>.................] - ETA: 0s - loss: 0.2580
37/74 [==============>...............] - ETA: 0s - loss: 0.2572
41/74 [===============>..............] - ETA: 0s - loss: 0.2576
45/74 [=================>............] - ETA: 0s - loss: 0.2572
49/74 [==================>...........] - ETA: 0s - loss: 0.2571
53/74 [====================>.........] - ETA: 0s - loss: 0.2563
57/74 [======================>.......] - ETA: 0s - loss: 0.2568
61/74 [=======================>......] - ETA: 0s - loss: 0.2568
65/74 [=========================>....] - ETA: 0s - loss: 0.2564
69/74 [==========================>...] - ETA: 0s - loss: 0.2564
73/74 [============================>.] - ETA: 0s - loss: 0.2560
74/74 [==============================] - 1s 15ms/step - loss: 0.2561
Epoch 10/10

 1/74 [..............................] - ETA: 0s - loss: 0.2869
 5/74 [=>............................] - ETA: 1s - loss: 0.2551
 9/74 [==>...........................] - ETA: 0s - loss: 0.2547
13/74 [====>.........................] - ETA: 0s - loss: 0.2543
17/74 [=====>........................] - ETA: 0s - loss: 0.2561
21/74 [=======>......................] - ETA: 0s - loss: 0.2543
25/74 [=========>....................] - ETA: 0s - loss: 0.2547
29/74 [==========>...................] - ETA: 0s - loss: 0.2540
33/74 [============>.................] - ETA: 0s - loss: 0.2550
37/74 [==============>...............] - ETA: 0s - loss: 0.2551
41/74 [===============>..............] - ETA: 0s - loss: 0.2551
45/74 [=================>............] - ETA: 0s - loss: 0.2553
49/74 [==================>...........] - ETA: 0s - loss: 0.2557
52/74 [====================>.........] - ETA: 0s - loss: 0.2557
55/74 [=====================>........] - ETA: 0s - loss: 0.2551
59/74 [======================>.......] - ETA: 0s - loss: 0.2547
62/74 [========================>.....] - ETA: 0s - loss: 0.2541
66/74 [=========================>....] - ETA: 0s - loss: 0.2541
69/74 [==========================>...] - ETA: 0s - loss: 0.2538
73/74 [============================>.] - ETA: 0s - loss: 0.2539
74/74 [==============================] - 1s 15ms/step - loss: 0.2539
saving model to  C:\BA\deepcoder\deepcoder_pipeline\output\runs\T2_gas1000_epochs10_seed42\model.h5
