
  0%|          | 0/100 [00:00<?, ?it/s]
  1%|1         | 1/100 [00:07<12:02,  7.30s/it]
  5%|5         | 5/100 [00:07<01:46,  1.12s/it]
  8%|8         | 8/100 [00:07<00:55,  1.65it/s]
 15%|#5        | 15/100 [00:07<00:20,  4.10it/s]
 22%|##2       | 22/100 [00:07<00:11,  6.99it/s]
 26%|##6       | 26/100 [00:08<00:08,  8.32it/s]
 29%|##9       | 29/100 [00:08<00:07,  9.21it/s]
 32%|###2      | 32/100 [00:08<00:07,  9.02it/s]
 36%|###6      | 36/100 [00:08<00:05, 10.99it/s]
 38%|###8      | 38/100 [00:09<00:05, 10.88it/s]
 43%|####3     | 43/100 [00:09<00:04, 12.92it/s]
 45%|####5     | 45/100 [00:09<00:04, 13.38it/s]
 47%|####6     | 47/100 [00:09<00:03, 14.14it/s]
 49%|####9     | 49/100 [00:09<00:03, 14.75it/s]
 51%|#####1    | 51/100 [00:09<00:03, 14.35it/s]
 53%|#####3    | 53/100 [00:10<00:03, 12.64it/s]
 60%|######    | 60/100 [00:10<00:01, 21.77it/s]
 64%|######4   | 64/100 [00:10<00:01, 20.99it/s]
 74%|#######4  | 74/100 [00:10<00:00, 32.78it/s]
 79%|#######9  | 79/100 [00:10<00:00, 32.60it/s]
 83%|########2 | 83/100 [00:10<00:00, 30.86it/s]
 87%|########7 | 87/100 [00:11<00:00, 29.10it/s]
 91%|#########1| 91/100 [00:11<00:00, 30.44it/s]
100%|##########| 100/100 [00:12<00:00,  8.06it/s]
C:\BA\deepcoder\deepcoder_pipeline\scripts\solve-problems.py:104: FutureWarning: Starting with pandas version 3.0 all arguments of to_hdf except for the argument 'path_or_buf' will be keyword-only.
  df.to_hdf(args.outfile, 'data')
C:\BA\deepcoder\deepcoder_pipeline\scripts\solve-problems.py:104: PerformanceWarning: 
your performance may suffer as PyTables will pickle object types that it cannot
map directly to c-types [inferred_type->mixed,key->block2_values] [items->Index(['solution', 'reference', 'best_partial_solution'], dtype='object')]

  df.to_hdf(args.outfile, 'data')
summary:
solved 53/100 (53.0%)
          nb_steps     wall_ms  best_partial_match_fraction
count   100.000000  100.000000                    47.000000
mean    628.420000  159.418879                     0.187234
std     412.020181  115.679671                     0.233701
min       1.000000    0.000000                     0.000000
25%     175.500000   38.875043                     0.000000
50%     830.000000  173.268318                     0.200000
75%    1000.000000  246.744633                     0.200000
max    1002.000000  490.319490                     0.800000
of 47 unsolved tasks, 25 have a best-partial candidate (mean match fraction 0.187)
saving results to C:\BA\deepcoder\deepcoder_pipeline\output\runs\T2_gas1000_epochs10_seed42\solve_no_predictor.h5
