Epoch 1/10

 1/74 [..............................] - ETA: 13:45 - loss: 0.6975
 5/74 [=>............................] - ETA: 0s - loss: 0.5364   
 8/74 [==>...........................] - ETA: 1s - loss: 0.4652
12/74 [===>..........................] - ETA: 0s - loss: 0.4061
15/74 [=====>........................] - ETA: 0s - loss: 0.3780
18/74 [======>.......................] - ETA: 0s - loss: 0.3590
21/74 [=======>......................] - ETA: 0s - loss: 0.3448
24/74 [========>.....................] - ETA: 0s - loss: 0.3341
27/74 [=========>....................] - ETA: 0s - loss: 0.3253
31/74 [===========>..................] - ETA: 0s - loss: 0.3173
35/74 [=============>................] - ETA: 0s - loss: 0.3107
38/74 [==============>...............] - ETA: 0s - loss: 0.3059
41/74 [===============>..............] - ETA: 0s - loss: 0.3022
44/74 [================>.............] - ETA: 0s - loss: 0.2995
47/74 [==================>...........] - ETA: 0s - loss: 0.2966
50/74 [===================>..........] - ETA: 0s - loss: 0.2938
53/74 [====================>.........] - ETA: 0s - loss: 0.2926
56/74 [=====================>........] - ETA: 0s - loss: 0.2911
59/74 [======================>.......] - ETA: 0s - loss: 0.2886
62/74 [========================>.....] - ETA: 0s - loss: 0.2863
65/74 [=========================>....] - ETA: 0s - loss: 0.2847
68/74 [==========================>...] - ETA: 0s - loss: 0.2834
71/74 [===========================>..] - ETA: 0s - loss: 0.2822
74/74 [==============================] - ETA: 0s - loss: 0.2815
74/74 [==============================] - 13s 18ms/step - loss: 0.2815
Epoch 2/10

 1/74 [..............................] - ETA: 1s - loss: 0.2613
 4/74 [>.............................] - ETA: 1s - loss: 0.2536
 7/74 [=>............................] - ETA: 1s - loss: 0.2583
 9/74 [==>...........................] - ETA: 1s - loss: 0.2595
11/74 [===>..........................] - ETA: 1s - loss: 0.2587
13/74 [====>.........................] - ETA: 1s - loss: 0.2602
16/74 [=====>........................] - ETA: 1s - loss: 0.2590
19/74 [======>.......................] - ETA: 1s - loss: 0.2584
22/74 [=======>......................] - ETA: 1s - loss: 0.2580
25/74 [=========>....................] - ETA: 1s - loss: 0.2570
28/74 [==========>...................] - ETA: 0s - loss: 0.2558
31/74 [===========>..................] - ETA: 0s - loss: 0.2564
34/74 [============>.................] - ETA: 0s - loss: 0.2561
37/74 [==============>...............] - ETA: 0s - loss: 0.2555
40/74 [===============>..............] - ETA: 0s - loss: 0.2552
43/74 [================>.............] - ETA: 0s - loss: 0.2552
46/74 [=================>............] - ETA: 0s - loss: 0.2557
49/74 [==================>...........] - ETA: 0s - loss: 0.2558
52/74 [====================>.........] - ETA: 0s - loss: 0.2554
55/74 [=====================>........] - ETA: 0s - loss: 0.2558
58/74 [======================>.......] - ETA: 0s - loss: 0.2560
61/74 [=======================>......] - ETA: 0s - loss: 0.2561
64/74 [========================>.....] - ETA: 0s - loss: 0.2568
67/74 [==========================>...] - ETA: 0s - loss: 0.2565
70/74 [===========================>..] - ETA: 0s - loss: 0.2566
73/74 [============================>.] - ETA: 0s - loss: 0.2562
74/74 [==============================] - 1s 20ms/step - loss: 0.2563
Epoch 3/10

 1/74 [..............................] - ETA: 1s - loss: 0.2479
 4/74 [>.............................] - ETA: 1s - loss: 0.2538
 7/74 [=>............................] - ETA: 1s - loss: 0.2572
10/74 [===>..........................] - ETA: 1s - loss: 0.2565
13/74 [====>.........................] - ETA: 1s - loss: 0.2560
16/74 [=====>........................] - ETA: 1s - loss: 0.2545
19/74 [======>.......................] - ETA: 1s - loss: 0.2568
23/74 [========>.....................] - ETA: 0s - loss: 0.2560
27/74 [=========>....................] - ETA: 0s - loss: 0.2550
30/74 [===========>..................] - ETA: 0s - loss: 0.2562
33/74 [============>.................] - ETA: 0s - loss: 0.2553
36/74 [=============>................] - ETA: 0s - loss: 0.2559
39/74 [==============>...............] - ETA: 0s - loss: 0.2564
42/74 [================>.............] - ETA: 0s - loss: 0.2558
45/74 [=================>............] - ETA: 0s - loss: 0.2562
48/74 [==================>...........] - ETA: 0s - loss: 0.2559
51/74 [===================>..........] - ETA: 0s - loss: 0.2561
54/74 [====================>.........] - ETA: 0s - loss: 0.2560
57/74 [======================>.......] - ETA: 0s - loss: 0.2559
60/74 [=======================>......] - ETA: 0s - loss: 0.2554
63/74 [========================>.....] - ETA: 0s - loss: 0.2560
66/74 [=========================>....] - ETA: 0s - loss: 0.2562
69/74 [==========================>...] - ETA: 0s - loss: 0.2560
72/74 [============================>.] - ETA: 0s - loss: 0.2560
74/74 [==============================] - 1s 19ms/step - loss: 0.2563
Epoch 4/10

 1/74 [..............................] - ETA: 1s - loss: 0.2423
 4/74 [>.............................] - ETA: 1s - loss: 0.2525
 7/74 [=>............................] - ETA: 1s - loss: 0.2541
10/74 [===>..........................] - ETA: 1s - loss: 0.2546
13/74 [====>.........................] - ETA: 1s - loss: 0.2538
16/74 [=====>........................] - ETA: 1s - loss: 0.2539
19/74 [======>.......................] - ETA: 1s - loss: 0.2567
22/74 [=======>......................] - ETA: 0s - loss: 0.2565
25/74 [=========>....................] - ETA: 0s - loss: 0.2557
28/74 [==========>...................] - ETA: 0s - loss: 0.2566
31/74 [===========>..................] - ETA: 0s - loss: 0.2574
34/74 [============>.................] - ETA: 0s - loss: 0.2570
37/74 [==============>...............] - ETA: 0s - loss: 0.2566
40/74 [===============>..............] - ETA: 0s - loss: 0.2558
43/74 [================>.............] - ETA: 0s - loss: 0.2561
46/74 [=================>............] - ETA: 0s - loss: 0.2564
49/74 [==================>...........] - ETA: 0s - loss: 0.2564
52/74 [====================>.........] - ETA: 0s - loss: 0.2563
55/74 [=====================>........] - ETA: 0s - loss: 0.2563
58/74 [======================>.......] - ETA: 0s - loss: 0.2562
61/74 [=======================>......] - ETA: 0s - loss: 0.2561
64/74 [========================>.....] - ETA: 0s - loss: 0.2562
67/74 [==========================>...] - ETA: 0s - loss: 0.2561
70/74 [===========================>..] - ETA: 0s - loss: 0.2557
74/74 [==============================] - ETA: 0s - loss: 0.2564
74/74 [==============================] - 1s 18ms/step - loss: 0.2564
Epoch 5/10

 1/74 [..............................] - ETA: 1s - loss: 0.2325
 4/74 [>.............................] - ETA: 1s - loss: 0.2536
 7/74 [=>............................] - ETA: 1s - loss: 0.2557
10/74 [===>..........................] - ETA: 1s - loss: 0.2580
13/74 [====>.........................] - ETA: 1s - loss: 0.2582
16/74 [=====>........................] - ETA: 1s - loss: 0.2586
19/74 [======>.......................] - ETA: 1s - loss: 0.2599
22/74 [=======>......................] - ETA: 0s - loss: 0.2580
25/74 [=========>....................] - ETA: 0s - loss: 0.2562
28/74 [==========>...................] - ETA: 0s - loss: 0.2555
31/74 [===========>..................] - ETA: 0s - loss: 0.2558
34/74 [============>.................] - ETA: 0s - loss: 0.2566
37/74 [==============>...............] - ETA: 0s - loss: 0.2560
40/74 [===============>..............] - ETA: 0s - loss: 0.2562
43/74 [================>.............] - ETA: 0s - loss: 0.2563
46/74 [=================>............] - ETA: 0s - loss: 0.2566
49/74 [==================>...........] - ETA: 0s - loss: 0.2566
52/74 [====================>.........] - ETA: 0s - loss: 0.2559
55/74 [=====================>........] - ETA: 0s - loss: 0.2564
58/74 [======================>.......] - ETA: 0s - loss: 0.2560
61/74 [=======================>......] - ETA: 0s - loss: 0.2551
64/74 [========================>.....] - ETA: 0s - loss: 0.2553
67/74 [==========================>...] - ETA: 0s - loss: 0.2559
70/74 [===========================>..] - ETA: 0s - loss: 0.2560
73/74 [============================>.] - ETA: 0s - loss: 0.2562
74/74 [==============================] - 1s 19ms/step - loss: 0.2563
Epoch 6/10

 1/74 [..............................] - ETA: 1s - loss: 0.2541
 4/74 [>.............................] - ETA: 1s - loss: 0.2533
 7/74 [=>............................] - ETA: 1s - loss: 0.2521
 9/74 [==>...........................] - ETA: 1s - loss: 0.2547
12/74 [===>..........................] - ETA: 1s - loss: 0.2562
15/74 [=====>........................] - ETA: 1s - loss: 0.2564
18/74 [======>.......................] - ETA: 1s - loss: 0.2552
21/74 [=======>......................] - ETA: 1s - loss: 0.2551
24/74 [========>.....................] - ETA: 0s - loss: 0.2548
27/74 [=========>....................] - ETA: 0s - loss: 0.2549
30/74 [===========>..................] - ETA: 0s - loss: 0.2546
33/74 [============>.................] - ETA: 0s - loss: 0.2541
36/74 [=============>................] - ETA: 0s - loss: 0.2535
39/74 [==============>...............] - ETA: 0s - loss: 0.2541
42/74 [================>.............] - ETA: 0s - loss: 0.2538
45/74 [=================>............] - ETA: 0s - loss: 0.2550
48/74 [==================>...........] - ETA: 0s - loss: 0.2552
51/74 [===================>..........] - ETA: 0s - loss: 0.2552
54/74 [====================>.........] - ETA: 0s - loss: 0.2557
57/74 [======================>.......] - ETA: 0s - loss: 0.2556
60/74 [=======================>......] - ETA: 0s - loss: 0.2554
63/74 [========================>.....] - ETA: 0s - loss: 0.2551
66/74 [=========================>....] - ETA: 0s - loss: 0.2557
69/74 [==========================>...] - ETA: 0s - loss: 0.2561
72/74 [============================>.] - ETA: 0s - loss: 0.2561
74/74 [==============================] - 1s 20ms/step - loss: 0.2560
Epoch 7/10

 1/74 [..............................] - ETA: 1s - loss: 0.2711
 4/74 [>.............................] - ETA: 1s - loss: 0.2598
 7/74 [=>............................] - ETA: 1s - loss: 0.2597
10/74 [===>..........................] - ETA: 1s - loss: 0.2574
13/74 [====>.........................] - ETA: 1s - loss: 0.2557
16/74 [=====>........................] - ETA: 1s - loss: 0.2574
19/74 [======>.......................] - ETA: 1s - loss: 0.2575
22/74 [=======>......................] - ETA: 1s - loss: 0.2575
25/74 [=========>....................] - ETA: 0s - loss: 0.2580
28/74 [==========>...................] - ETA: 0s - loss: 0.2572
31/74 [===========>..................] - ETA: 0s - loss: 0.2575
34/74 [============>.................] - ETA: 0s - loss: 0.2574
37/74 [==============>...............] - ETA: 0s - loss: 0.2564
40/74 [===============>..............] - ETA: 0s - loss: 0.2568
43/74 [================>.............] - ETA: 0s - loss: 0.2557
46/74 [=================>............] - ETA: 0s - loss: 0.2558
49/74 [==================>...........] - ETA: 0s - loss: 0.2566
52/74 [====================>.........] - ETA: 0s - loss: 0.2561
55/74 [=====================>........] - ETA: 0s - loss: 0.2559
58/74 [======================>.......] - ETA: 0s - loss: 0.2558
61/74 [=======================>......] - ETA: 0s - loss: 0.2555
64/74 [========================>.....] - ETA: 0s - loss: 0.2554
67/74 [==========================>...] - ETA: 0s - loss: 0.2556
70/74 [===========================>..] - ETA: 0s - loss: 0.2554
73/74 [============================>.] - ETA: 0s - loss: 0.2557
74/74 [==============================] - 1s 19ms/step - loss: 0.2558
Epoch 8/10

 1/74 [..............................] - ETA: 1s - loss: 0.2642
 4/74 [>.............................] - ETA: 1s - loss: 0.2604
 7/74 [=>............................] - ETA: 1s - loss: 0.2588
10/74 [===>..........................] - ETA: 1s - loss: 0.2559
13/74 [====>.........................] - ETA: 1s - loss: 0.2579
16/74 [=====>........................] - ETA: 1s - loss: 0.2571
19/74 [======>.......................] - ETA: 1s - loss: 0.2560
22/74 [=======>......................] - ETA: 1s - loss: 0.2560
25/74 [=========>....................] - ETA: 0s - loss: 0.2563
28/74 [==========>...................] - ETA: 0s - loss: 0.2563
31/74 [===========>..................] - ETA: 0s - loss: 0.2568
34/74 [============>.................] - ETA: 0s - loss: 0.2571
37/74 [==============>...............] - ETA: 0s - loss: 0.2568
40/74 [===============>..............] - ETA: 0s - loss: 0.2566
43/74 [================>.............] - ETA: 0s - loss: 0.2561
46/74 [=================>............] - ETA: 0s - loss: 0.2560
49/74 [==================>...........] - ETA: 0s - loss: 0.2556
52/74 [====================>.........] - ETA: 0s - loss: 0.2547
55/74 [=====================>........] - ETA: 0s - loss: 0.2539
58/74 [======================>.......] - ETA: 0s - loss: 0.2537
62/74 [========================>.....] - ETA: 0s - loss: 0.2531
65/74 [=========================>....] - ETA: 0s - loss: 0.2524
68/74 [==========================>...] - ETA: 0s - loss: 0.2524
71/74 [===========================>..] - ETA: 0s - loss: 0.2520
74/74 [==============================] - ETA: 0s - loss: 0.2513
74/74 [==============================] - 1s 19ms/step - loss: 0.2513
Epoch 9/10

 1/74 [..............................] - ETA: 1s - loss: 0.2240
 4/74 [>.............................] - ETA: 1s - loss: 0.2352
 7/74 [=>............................] - ETA: 1s - loss: 0.2380
10/74 [===>..........................] - ETA: 1s - loss: 0.2418
13/74 [====>.........................] - ETA: 1s - loss: 0.2393
16/74 [=====>........................] - ETA: 1s - loss: 0.2394
19/74 [======>.......................] - ETA: 1s - loss: 0.2374
22/74 [=======>......................] - ETA: 1s - loss: 0.2376
25/74 [=========>....................] - ETA: 0s - loss: 0.2405
28/74 [==========>...................] - ETA: 0s - loss: 0.2417
31/74 [===========>..................] - ETA: 0s - loss: 0.2408
34/74 [============>.................] - ETA: 0s - loss: 0.2410
37/74 [==============>...............] - ETA: 0s - loss: 0.2408
40/74 [===============>..............] - ETA: 0s - loss: 0.2410
43/74 [================>.............] - ETA: 0s - loss: 0.2405
46/74 [=================>............] - ETA: 0s - loss: 0.2410
49/74 [==================>...........] - ETA: 0s - loss: 0.2409
52/74 [====================>.........] - ETA: 0s - loss: 0.2409
55/74 [=====================>........] - ETA: 0s - loss: 0.2412
58/74 [======================>.......] - ETA: 0s - loss: 0.2408
61/74 [=======================>......] - ETA: 0s - loss: 0.2411
64/74 [========================>.....] - ETA: 0s - loss: 0.2412
67/74 [==========================>...] - ETA: 0s - loss: 0.2409
70/74 [===========================>..] - ETA: 0s - loss: 0.2403
73/74 [============================>.] - ETA: 0s - loss: 0.2394
74/74 [==============================] - 1s 19ms/step - loss: 0.2391
Epoch 10/10

 1/74 [..............................] - ETA: 1s - loss: 0.2543
 5/74 [=>............................] - ETA: 1s - loss: 0.2381
 8/74 [==>...........................] - ETA: 1s - loss: 0.2354
11/74 [===>..........................] - ETA: 1s - loss: 0.2344
14/74 [====>.........................] - ETA: 1s - loss: 0.2313
17/74 [=====>........................] - ETA: 1s - loss: 0.2312
20/74 [=======>......................] - ETA: 0s - loss: 0.2322
23/74 [========>.....................] - ETA: 0s - loss: 0.2324
26/74 [=========>....................] - ETA: 0s - loss: 0.2331
29/74 [==========>...................] - ETA: 0s - loss: 0.2315
32/74 [===========>..................] - ETA: 0s - loss: 0.2312
35/74 [=============>................] - ETA: 0s - loss: 0.2314
38/74 [==============>...............] - ETA: 0s - loss: 0.2307
41/74 [===============>..............] - ETA: 0s - loss: 0.2309
44/74 [================>.............] - ETA: 0s - loss: 0.2310
47/74 [==================>...........] - ETA: 0s - loss: 0.2310
50/74 [===================>..........] - ETA: 0s - loss: 0.2311
53/74 [====================>.........] - ETA: 0s - loss: 0.2304
56/74 [=====================>........] - ETA: 0s - loss: 0.2307
59/74 [======================>.......] - ETA: 0s - loss: 0.2298
62/74 [========================>.....] - ETA: 0s - loss: 0.2294
65/74 [=========================>....] - ETA: 0s - loss: 0.2292
68/74 [==========================>...] - ETA: 0s - loss: 0.2289
71/74 [===========================>..] - ETA: 0s - loss: 0.2289
74/74 [==============================] - ETA: 0s - loss: 0.2292
74/74 [==============================] - 1s 18ms/step - loss: 0.2292
saving model to  C:\BA\deepcoder\deepcoder_pipeline\output\runs\T2_gas1000_epochs10_seed2\model.h5
