
  0%|          | 0/100 [00:00<?, ?it/s]
  1%|1         | 1/100 [00:05<08:38,  5.24s/it]
  5%|5         | 5/100 [00:05<01:16,  1.24it/s]
  8%|8         | 8/100 [00:05<00:40,  2.26it/s]
 18%|#8        | 18/100 [00:05<00:12,  6.68it/s]
 22%|##2       | 22/100 [00:05<00:09,  8.65it/s]
 26%|##6       | 26/100 [00:06<00:07, 10.18it/s]
 29%|##9       | 29/100 [00:06<00:06, 10.97it/s]
 32%|###2      | 32/100 [00:06<00:05, 12.00it/s]
 36%|###6      | 36/100 [00:06<00:04, 13.46it/s]
 39%|###9      | 39/100 [00:06<00:04, 15.25it/s]
 42%|####2     | 42/100 [00:06<00:03, 15.12it/s]
 45%|####5     | 45/100 [00:07<00:03, 14.65it/s]
 48%|####8     | 48/100 [00:07<00:03, 16.67it/s]
 51%|#####1    | 51/100 [00:07<00:03, 15.42it/s]
 53%|#####3    | 53/100 [00:07<00:03, 12.80it/s]
 61%|######1   | 61/100 [00:07<00:01, 23.49it/s]
 65%|######5   | 65/100 [00:08<00:01, 24.37it/s]
 79%|#######9  | 79/100 [00:08<00:00, 40.26it/s]
 85%|########5 | 85/100 [00:08<00:00, 40.32it/s]
100%|##########| 100/100 [00:09<00:00, 10.78it/s]
C:\BA\deepcoder\deepcoder_pipeline\scripts\solve-problems.py:104: FutureWarning: Starting with pandas version 3.0 all arguments of to_hdf except for the argument 'path_or_buf' will be keyword-only.
  df.to_hdf(args.outfile, 'data')
C:\BA\deepcoder\deepcoder_pipeline\scripts\solve-problems.py:104: PerformanceWarning: 
your performance may suffer as PyTables will pickle object types that it cannot
map directly to c-types [inferred_type->mixed,key->block2_values] [items->Index(['solution', 'reference', 'best_partial_solution'], dtype='object')]

  df.to_hdf(args.outfile, 'data')
summary:
solved 53/100 (53.0%)
          nb_steps     wall_ms  best_partial_match_fraction
count   100.000000  100.000000                    47.000000
mean    628.420000  130.074043                     0.187234
std     412.020181  101.706407                     0.233701
min       1.000000    0.000000                     0.000000
25%     175.500000   19.957423                     0.000000
50%     830.000000  136.654139                     0.200000
75%    1000.000000  221.242011                     0.200000
max    1002.000000  332.269430                     0.800000
of 47 unsolved tasks, 25 have a best-partial candidate (mean match fraction 0.187)
saving results to C:\BA\deepcoder\deepcoder_pipeline\output\runs\T2_gas1000_epochs10_seed2\solve_no_predictor.h5
